// Jest Snapshot v1, https://goo.gl/fbAQLP

exports[`Tag should render correctly 1`] = `
<DocumentFragment>
  .emotion-0 {
  padding: 4px 8px;
  background: #ECEFF1;
  border-radius: 4px;
}

.emotion-1 {
  margin: 0;
  font-weight: 500;
  line-height: 20px;
  letter-spacing: 0.1px;
  font-size: 14px;
  font-family: NotoSansThai-SemiBold,sans-serif;
}

<div
    class="MuiBox-root emotion-0"
  >
    <span
      class="MuiTypography-root MuiTypography-labelLargeSemiBold emotion-1"
      data-testid="tag-tag"
    >
      string
    </span>
  </div>
</DocumentFragment>
`;
