// Jest Snapshot v1, https://goo.gl/fbAQLP

exports[`ConsentHeader should render correctly 1`] = `
<DocumentFragment>
  .emotion-0 {
  background-color: #fff;
  color: rgba(0, 0, 0, 0.87);
  -webkit-transition: box-shadow 300ms cubic-bezier(0.4, 0, 0.2, 1) 0ms;
  transition: box-shadow 300ms cubic-bezier(0.4, 0, 0.2, 1) 0ms;
  box-shadow: 0px 2px 4px -1px rgba(0,0,0,0.2),0px 4px 5px 0px rgba(0,0,0,0.14),0px 1px 10px 0px rgba(0,0,0,0.12);
  color: unset;
  display: -webkit-box;
  display: -webkit-flex;
  display: -ms-flexbox;
  display: flex;
  -webkit-flex-direction: column;
  -ms-flex-direction: column;
  flex-direction: column;
  width: 100%;
  box-sizing: border-box;
  -webkit-flex-shrink: 0;
  -ms-flex-negative: 0;
  flex-shrink: 0;
  position: fixed;
  z-index: 1100;
  top: 0;
  left: auto;
  right: 0;
  background-color: #2196F3;
  color: #fff;
  color: #212121;
  background-color: #FFFFFF;
  box-shadow: 0px 4px 6px -1px rgba(0, 0, 0, 0.1);
}

@media print {
  .emotion-0 {
    position: absolute;
  }
}

.emotion-0>.MuiToolbar-root {
  -webkit-box-pack: center;
  -ms-flex-pack: center;
  -webkit-justify-content: center;
  justify-content: center;
}

.emotion-1 {
  position: relative;
  display: -webkit-box;
  display: -webkit-flex;
  display: -ms-flexbox;
  display: flex;
  -webkit-align-items: center;
  -webkit-box-align: center;
  -ms-flex-align: center;
  align-items: center;
  padding-left: 16px;
  padding-right: 16px;
  min-height: 48px;
}

@media (min-width:600px) {
  .emotion-1 {
    padding-left: 24px;
    padding-right: 24px;
  }
}

.emotion-2 {
  margin: 0;
  font-size: 16px;
  font-weight: 700;
  line-height: 1.5;
  text-align: center;
}

<header
    class="MuiPaper-root MuiPaper-elevation MuiPaper-elevation4 MuiAppBar-root MuiAppBar-colorPrimary MuiAppBar-positionFixed mui-fixed emotion-0"
  >
    <div
      class="MuiToolbar-root MuiToolbar-gutters MuiToolbar-dense emotion-1"
    >
      <span
        class="MuiTypography-root MuiTypography-bodyBold emotion-2"
      >
        Text Title
      </span>
    </div>
  </header>
</DocumentFragment>
`;
