// Jest Snapshot v1, https://goo.gl/fbAQLP

exports[`PageTitle should render correctly 1`] = `
<DocumentFragment>
  .emotion-0 {
  margin: 0;
  font-family: NotoSansThai-Regular,sans-serif;
  font-weight: 400;
  font-size: 1rem;
  line-height: 1.5;
  font-weight: 500;
  letter-spacing: 0;
  line-height: 52px;
  font-size: 45px;
  font-family: NotoSansThai-SemiBold,sans-serif;
  background: linear-gradient(90deg, #023781 0%, #028DF5 50%, #01EAFF 100%);
  -webkit-background-clip: text;
  background-clip: text;
  -webkit-text-fill-color: transparent;
  text-fill-color: transparent;
  line-height: 1.5;
}

<p
    class="MuiTypography-root MuiTypography-body1 emotion-0"
  >
    Text
  </p>
</DocumentFragment>
`;
