// Jest Snapshot v1, https://goo.gl/fbAQLP

exports[`GridMenu Component to match snap 1`] = `
<DocumentFragment>
  <div
    class="MuiGrid-root MuiGrid-container MuiGrid-spacing-xs-3 css-1vp1qdv-MuiGrid-root"
  >
    <div
      class="MuiGrid-root MuiGrid-item MuiGrid-grid-xs-4 css-au940r-MuiGrid-root"
      data-testid="menu-item-0"
    >
      <div
        class="MuiStack-root css-qrw920-MuiStack-root"
      >
        <img
          alt=""
          data-nimg="1"
          decoding="async"
          height="40"
          loading="lazy"
          src="/_next/image?url=%2Fimg.jpg&w=96&q=75"
          srcset="/_next/image?url=%2Fimg.jpg&w=48&q=75 1x, /_next/image?url=%2Fimg.jpg&w=96&q=75 2x"
          style="color: transparent; width: 48px; height: 48px; margin: 0px 0px 8px 0px;"
          width="40"
        />
        <h3
          class="MuiTypography-root MuiTypography-titleLargeSemiBold css-1puhohr-MuiTypography-root"
        >
          menu.home
        </h3>
        <span
          class="MuiTypography-root MuiTypography-bodyLarge css-uzzo47-MuiTypography-root"
        >
          แปลและสรุปผลสุขภาพ
        </span>
      </div>
    </div>
    <div
      class="MuiGrid-root MuiGrid-item MuiGrid-grid-xs-4 css-au940r-MuiGrid-root"
      data-testid="menu-item-1"
    >
      <div
        class="MuiStack-root css-qrw920-MuiStack-root"
      >
        <img
          alt=""
          data-nimg="1"
          decoding="async"
          height="40"
          loading="lazy"
          src="/_next/image?url=%2Fimg.jpg&w=96&q=75"
          srcset="/_next/image?url=%2Fimg.jpg&w=48&q=75 1x, /_next/image?url=%2Fimg.jpg&w=96&q=75 2x"
          style="color: transparent; width: 48px; height: 48px; margin: 0px 0px 8px 0px;"
          width="40"
        />
        <h3
          class="MuiTypography-root MuiTypography-titleLargeSemiBold css-1puhohr-MuiTypography-root"
        >
          menu.aiInterpret.title
        </h3>
        <span
          class="MuiTypography-root MuiTypography-bodyLarge css-uzzo47-MuiTypography-root"
        >
          แปลและสรุปผลสุขภาพ
        </span>
      </div>
    </div>
  </div>
</DocumentFragment>
`;
