// Jest Snapshot v1, https://goo.gl/fbAQLP

exports[`InputDataModule should render correctly 1`] = `
<DocumentFragment>
  .emotion-0 {
  display: flex;
  -webkit-flex-direction: column;
  -ms-flex-direction: column;
  flex-direction: column;
  -webkit-flex: 1;
  -ms-flex: 1;
  flex: 1;
  width: 100%;
  padding: 24px;
  background-color: #eceff1;
}

.emotion-1 {
  background-color: #fff;
  color: unset;
  -webkit-transition: box-shadow 300ms cubic-bezier(0.4, 0, 0.2, 1) 0ms;
  transition: box-shadow 300ms cubic-bezier(0.4, 0, 0.2, 1) 0ms;
  border-radius: 20px;
  box-shadow: 0px 2px 1px -1px rgba(0,0,0,0.2),0px 1px 1px 0px rgba(0,0,0,0.14),0px 1px 3px 0px rgba(0,0,0,0.12);
  -webkit-flex: 1;
  -ms-flex: 1;
  flex: 1;
  width: 100%;
  max-width: 1080px;
  padding: 32px;
  margin: 0px auto;
}

.emotion-2 {
  display: flex;
  -webkit-flex-direction: column;
  -ms-flex-direction: column;
  flex-direction: column;
  margin-bottom: 16px;
  -webkit-align-items: flex-start;
  -webkit-box-align: flex-start;
  -ms-flex-align: flex-start;
  align-items: flex-start;
}

.emotion-3 {
  display: inline-flex;
  -webkit-align-items: center;
  -webkit-box-align: center;
  -ms-flex-align: center;
  align-items: center;
  -webkit-box-pack: center;
  -ms-flex-pack: center;
  -webkit-justify-content: center;
  justify-content: center;
  position: relative;
  box-sizing: border-box;
  -webkit-tap-highlight-color: transparent;
  background-color: transparent;
  outline: 0;
  border: 1px solid #cfd8dc;
  margin: 0;
  border-radius: 10px;
  padding: 5px 15px;
  cursor: pointer;
  -webkit-user-select: none;
  -moz-user-select: none;
  -ms-user-select: none;
  user-select: none;
  vertical-align: middle;
  -moz-appearance: none;
  -webkit-appearance: none;
  -webkit-text-decoration: none;
  text-decoration: none;
  color: #212121;
  font-family: fontFamily;
  font-weight: 700;
  font-size: 12px;
  line-height: 1.5;
  text-transform: uppercase;
  min-width: 64px;
  -webkit-transition: background-color 250ms cubic-bezier(0.4, 0, 0.2, 1) 0ms,box-shadow 250ms cubic-bezier(0.4, 0, 0.2, 1) 0ms,border-color 250ms cubic-bezier(0.4, 0, 0.2, 1) 0ms,color 250ms cubic-bezier(0.4, 0, 0.2, 1) 0ms;
  transition: background-color 250ms cubic-bezier(0.4, 0, 0.2, 1) 0ms,box-shadow 250ms cubic-bezier(0.4, 0, 0.2, 1) 0ms,border-color 250ms cubic-bezier(0.4, 0, 0.2, 1) 0ms,color 250ms cubic-bezier(0.4, 0, 0.2, 1) 0ms;
  height: 40px;
  background: #fff;
}

.emotion-3::-moz-focus-inner {
  border-style: none;
}

.emotion-3.Mui-disabled {
  pointer-events: none;
  cursor: default;
}

@media print {
  .emotion-3 {
    -webkit-print-color-adjust: exact;
    color-adjust: exact;
  }
}

.emotion-3:hover {
  -webkit-text-decoration: none;
  text-decoration: none;
  background-color: rgba(33, 150, 243, 0.04);
  border: 1px solid #2196F3;
}

@media (hover: none) {
  .emotion-3:hover {
    background-color: transparent;
  }
}

.emotion-3.Mui-disabled {
  color: rgba(0, 0, 0, 0.26);
  border: 1px solid rgba(0, 0, 0, 0.12);
}

.emotion-3:hover {
  border: 1px solid #cfd8dc;
}

.emotion-4 {
  display: inherit;
  margin-right: 8px;
  margin-left: -4px;
}

.emotion-4>*:nth-of-type(1) {
  font-size: 20px;
}

.emotion-5 {
  overflow: hidden;
  pointer-events: none;
  position: absolute;
  z-index: 0;
  top: 0;
  right: 0;
  bottom: 0;
  left: 0;
  border-radius: inherit;
}

.emotion-6 {
  margin: 0;
  -webkit-flex-shrink: 0;
  -ms-flex-negative: 0;
  flex-shrink: 0;
  border-width: 0;
  border-style: solid;
  border-color: rgba(0, 0, 0, 0.12);
  border-bottom-width: thin;
}

.emotion-7 {
  display: flex;
  -webkit-flex-direction: column;
  -ms-flex-direction: column;
  flex-direction: column;
  margin-top: 24px;
}

.emotion-8 {
  display: flex;
  -webkit-flex-direction: row;
  -ms-flex-direction: row;
  flex-direction: row;
}

.emotion-9 {
  display: flex;
  -webkit-flex-direction: column;
  -ms-flex-direction: column;
  flex-direction: column;
  -webkit-box-pack: center;
  -ms-flex-pack: center;
  -webkit-justify-content: center;
  justify-content: center;
}

.emotion-10 {
  margin: 0;
  font-size: 24px;
  font-weight: 600;
  line-height: 30px;
}

.emotion-11 {
  display: flex;
  -webkit-flex-direction: column;
  -ms-flex-direction: column;
  flex-direction: column;
  margin-left: auto;
}

.emotion-12 {
  display: flex;
  -webkit-flex-direction: row;
  -ms-flex-direction: row;
  flex-direction: row;
  -webkit-box-pack: end;
  -ms-flex-pack: end;
  -webkit-justify-content: end;
  justify-content: end;
}

.emotion-12>:not(style):not(style) {
  margin: 0;
}

.emotion-12>:not(style)~:not(style) {
  margin-left: 16px;
}

.emotion-13 {
  display: inline-flex;
  -webkit-align-items: center;
  -webkit-box-align: center;
  -ms-flex-align: center;
  align-items: center;
  -webkit-box-pack: center;
  -ms-flex-pack: center;
  -webkit-justify-content: center;
  justify-content: center;
  position: relative;
  box-sizing: border-box;
  -webkit-tap-highlight-color: transparent;
  background-color: transparent;
  outline: 0;
  border: 1px solid #cfd8dc;
  margin: 0;
  border-radius: 8px;
  padding: 10px 16px;
  cursor: pointer;
  -webkit-user-select: none;
  -moz-user-select: none;
  -ms-user-select: none;
  user-select: none;
  vertical-align: middle;
  -moz-appearance: none;
  -webkit-appearance: none;
  -webkit-text-decoration: none;
  text-decoration: none;
  color: #212121;
  font-family: fontFamily;
  font-weight: 700;
  font-size: 12px;
  line-height: 1.5;
  text-transform: uppercase;
  min-width: 64px;
  -webkit-transition: background-color 250ms cubic-bezier(0.4, 0, 0.2, 1) 0ms,box-shadow 250ms cubic-bezier(0.4, 0, 0.2, 1) 0ms,border-color 250ms cubic-bezier(0.4, 0, 0.2, 1) 0ms,color 250ms cubic-bezier(0.4, 0, 0.2, 1) 0ms;
  transition: background-color 250ms cubic-bezier(0.4, 0, 0.2, 1) 0ms,box-shadow 250ms cubic-bezier(0.4, 0, 0.2, 1) 0ms,border-color 250ms cubic-bezier(0.4, 0, 0.2, 1) 0ms,color 250ms cubic-bezier(0.4, 0, 0.2, 1) 0ms;
  height: 40px;
  background: #fff;
}

.emotion-13::-moz-focus-inner {
  border-style: none;
}

.emotion-13.Mui-disabled {
  pointer-events: none;
  cursor: default;
}

@media print {
  .emotion-13 {
    -webkit-print-color-adjust: exact;
    color-adjust: exact;
  }
}

.emotion-13:hover {
  -webkit-text-decoration: none;
  text-decoration: none;
  background-color: rgba(33, 150, 243, 0.04);
  border: 1px solid #2196F3;
}

@media (hover: none) {
  .emotion-13:hover {
    background-color: transparent;
  }
}

.emotion-13.Mui-disabled {
  color: rgba(0, 0, 0, 0.26);
  border: 1px solid rgba(0, 0, 0, 0.12);
}

.emotion-13:hover {
  border: 1px solid #cfd8dc;
}

.emotion-16 {
  display: inline-flex;
  -webkit-align-items: center;
  -webkit-box-align: center;
  -ms-flex-align: center;
  align-items: center;
  -webkit-box-pack: center;
  -ms-flex-pack: center;
  -webkit-justify-content: center;
  justify-content: center;
  position: relative;
  box-sizing: border-box;
  -webkit-tap-highlight-color: transparent;
  background-color: #2196F3;
  outline: 0;
  border: 0;
  margin: 0;
  border-radius: 10px;
  padding: 6px 16px;
  cursor: pointer;
  -webkit-user-select: none;
  -moz-user-select: none;
  -ms-user-select: none;
  user-select: none;
  vertical-align: middle;
  -moz-appearance: none;
  -webkit-appearance: none;
  -webkit-text-decoration: none;
  text-decoration: none;
  color: #fff;
  font-family: fontFamily;
  font-weight: 700;
  font-size: 12px;
  line-height: 1.5;
  text-transform: uppercase;
  min-width: 64px;
  -webkit-transition: background-color 250ms cubic-bezier(0.4, 0, 0.2, 1) 0ms,box-shadow 250ms cubic-bezier(0.4, 0, 0.2, 1) 0ms,border-color 250ms cubic-bezier(0.4, 0, 0.2, 1) 0ms,color 250ms cubic-bezier(0.4, 0, 0.2, 1) 0ms;
  transition: background-color 250ms cubic-bezier(0.4, 0, 0.2, 1) 0ms,box-shadow 250ms cubic-bezier(0.4, 0, 0.2, 1) 0ms,border-color 250ms cubic-bezier(0.4, 0, 0.2, 1) 0ms,color 250ms cubic-bezier(0.4, 0, 0.2, 1) 0ms;
  box-shadow: 0px 3px 1px -2px rgba(0,0,0,0.2),0px 2px 2px 0px rgba(0,0,0,0.14),0px 1px 5px 0px rgba(0,0,0,0.12);
  height: 40px;
  background: linear-gradient(94deg, #0059D6 0%, #028DF5 50%, #00CBDD 100%);
}

.emotion-16::-moz-focus-inner {
  border-style: none;
}

.emotion-16.Mui-disabled {
  pointer-events: none;
  cursor: default;
}

@media print {
  .emotion-16 {
    -webkit-print-color-adjust: exact;
    color-adjust: exact;
  }
}

.emotion-16:hover {
  -webkit-text-decoration: none;
  text-decoration: none;
  background-color: rgb(23, 105, 170);
  box-shadow: 0px 2px 4px -1px rgba(0,0,0,0.2),0px 4px 5px 0px rgba(0,0,0,0.14),0px 1px 10px 0px rgba(0,0,0,0.12);
}

@media (hover: none) {
  .emotion-16:hover {
    background-color: #2196F3;
  }
}

.emotion-16:active {
  box-shadow: 0px 5px 5px -3px rgba(0,0,0,0.2),0px 8px 10px 1px rgba(0,0,0,0.14),0px 3px 14px 2px rgba(0,0,0,0.12);
}

.emotion-16.Mui-focusVisible {
  box-shadow: 0px 3px 5px -1px rgba(0,0,0,0.2),0px 6px 10px 0px rgba(0,0,0,0.14),0px 1px 18px 0px rgba(0,0,0,0.12);
}

.emotion-16.Mui-disabled {
  color: rgba(0, 0, 0, 0.26);
  box-shadow: none;
  background-color: rgba(0, 0, 0, 0.12);
}

.emotion-16.Mui-disabled {
  background-color: #FAFAFA;
  colors: #B0BEC5;
}

.emotion-19 {
  display: flex;
  -webkit-flex-direction: row;
  -ms-flex-direction: row;
  flex-direction: row;
  margin-top: 16px;
}

.emotion-20 {
  display: flex;
  -webkit-flex-direction: row;
  -ms-flex-direction: row;
  flex-direction: row;
}

.emotion-20>:not(style):not(style) {
  margin: 0;
}

.emotion-20>:not(style)~:not(style) {
  margin-left: 8px;
}

.emotion-21 {
  margin: 0;
  font-size: 12px;
  line-height: 1.5;
}

.emotion-22 {
  margin: 0;
  font-size: 12px;
  font-weight: 700;
  line-height: 1.5;
}

.emotion-23 {
  display: flex;
  -webkit-flex-direction: row;
  -ms-flex-direction: row;
  flex-direction: row;
  margin-left: 16px;
}

.emotion-23>:not(style):not(style) {
  margin: 0;
}

.emotion-23>:not(style)~:not(style) {
  margin-left: 8px;
}

.emotion-26 {
  display: flex;
  -webkit-flex-direction: column;
  -ms-flex-direction: column;
  flex-direction: column;
  margin: 2rem 0;
  border-radius: 8px;
  border: 1px solid #eceff1;
}

.emotion-27 {
  display: flex;
  -webkit-flex-direction: column;
  -ms-flex-direction: column;
  flex-direction: column;
  padding: 24px 24px 12px;
  border-radius: 8px 8px 0px 0px;
  background-color: #FAFAFA;
}

.emotion-28 {
  margin: 0;
  font-size: 18px;
  font-weight: 700;
  line-height: 24px;
}

.emotion-29 {
  margin: 0;
  font-size: 14px;
  line-height: 1.5;
  margin-top: 4px;
}

.emotion-30 {
  display: flex;
  -webkit-flex-direction: column;
  -ms-flex-direction: column;
  flex-direction: column;
  padding: 16px;
}

.emotion-31 {
  box-sizing: border-box;
  display: flex;
  -webkit-box-flex-wrap: wrap;
  -webkit-flex-wrap: wrap;
  -ms-flex-wrap: wrap;
  flex-wrap: wrap;
  width: 100%;
  -webkit-flex-direction: row;
  -ms-flex-direction: row;
  flex-direction: row;
  padding: 16px;
}

.emotion-32 {
  box-sizing: border-box;
  margin: 0;
  -webkit-flex-direction: row;
  -ms-flex-direction: row;
  flex-direction: row;
  -webkit-flex-basis: 58.333333%;
  -ms-flex-preferred-size: 58.333333%;
  flex-basis: 58.333333%;
  -webkit-box-flex: 0;
  -webkit-flex-grow: 0;
  -ms-flex-positive: 0;
  flex-grow: 0;
  max-width: 58.333333%;
}

@media (min-width:600px) {
  .emotion-32 {
    -webkit-flex-basis: 58.333333%;
    -ms-flex-preferred-size: 58.333333%;
    flex-basis: 58.333333%;
    -webkit-box-flex: 0;
    -webkit-flex-grow: 0;
    -ms-flex-positive: 0;
    flex-grow: 0;
    max-width: 58.333333%;
  }
}

@media (min-width:900px) {
  .emotion-32 {
    -webkit-flex-basis: 58.333333%;
    -ms-flex-preferred-size: 58.333333%;
    flex-basis: 58.333333%;
    -webkit-box-flex: 0;
    -webkit-flex-grow: 0;
    -ms-flex-positive: 0;
    flex-grow: 0;
    max-width: 58.333333%;
  }
}

@media (min-width:1200px) {
  .emotion-32 {
    -webkit-flex-basis: 58.333333%;
    -ms-flex-preferred-size: 58.333333%;
    flex-basis: 58.333333%;
    -webkit-box-flex: 0;
    -webkit-flex-grow: 0;
    -ms-flex-positive: 0;
    flex-grow: 0;
    max-width: 58.333333%;
  }
}

@media (min-width:1536px) {
  .emotion-32 {
    -webkit-flex-basis: 58.333333%;
    -ms-flex-preferred-size: 58.333333%;
    flex-basis: 58.333333%;
    -webkit-box-flex: 0;
    -webkit-flex-grow: 0;
    -ms-flex-positive: 0;
    flex-grow: 0;
    max-width: 58.333333%;
  }
}

.emotion-34 {
  margin: 0;
  font-size: 16px;
  font-weight: 700;
  line-height: 1.5;
}

.emotion-35 {
  margin: 0;
  font-size: 16px;
  font-weight: 700;
  line-height: 1.5;
  color: #d32f2f;
}

.emotion-36 {
  margin: 0;
  font-size: 14px;
  line-height: 1.5;
  color: #607D8B;
}

.emotion-37 {
  box-sizing: border-box;
  margin: 0;
  -webkit-flex-direction: row;
  -ms-flex-direction: row;
  flex-direction: row;
  -webkit-flex-basis: 41.666667%;
  -ms-flex-preferred-size: 41.666667%;
  flex-basis: 41.666667%;
  -webkit-box-flex: 0;
  -webkit-flex-grow: 0;
  -ms-flex-positive: 0;
  flex-grow: 0;
  max-width: 41.666667%;
}

@media (min-width:600px) {
  .emotion-37 {
    -webkit-flex-basis: 41.666667%;
    -ms-flex-preferred-size: 41.666667%;
    flex-basis: 41.666667%;
    -webkit-box-flex: 0;
    -webkit-flex-grow: 0;
    -ms-flex-positive: 0;
    flex-grow: 0;
    max-width: 41.666667%;
  }
}

@media (min-width:900px) {
  .emotion-37 {
    -webkit-flex-basis: 41.666667%;
    -ms-flex-preferred-size: 41.666667%;
    flex-basis: 41.666667%;
    -webkit-box-flex: 0;
    -webkit-flex-grow: 0;
    -ms-flex-positive: 0;
    flex-grow: 0;
    max-width: 41.666667%;
  }
}

@media (min-width:1200px) {
  .emotion-37 {
    -webkit-flex-basis: 41.666667%;
    -ms-flex-preferred-size: 41.666667%;
    flex-basis: 41.666667%;
    -webkit-box-flex: 0;
    -webkit-flex-grow: 0;
    -ms-flex-positive: 0;
    flex-grow: 0;
    max-width: 41.666667%;
  }
}

@media (min-width:1536px) {
  .emotion-37 {
    -webkit-flex-basis: 41.666667%;
    -ms-flex-preferred-size: 41.666667%;
    flex-basis: 41.666667%;
    -webkit-box-flex: 0;
    -webkit-flex-grow: 0;
    -ms-flex-positive: 0;
    flex-grow: 0;
    max-width: 41.666667%;
  }
}

.emotion-38 {
  display: flex;
  -webkit-flex-direction: row;
  -ms-flex-direction: row;
  flex-direction: row;
  width: 100%;
}

.emotion-38>:not(style):not(style) {
  margin: 0;
}

.emotion-38>:not(style)~:not(style) {
  margin-left: 8px;
}

.emotion-39 {
  width: 100%;
}

.emotion-40 {
  display: inline-flex;
  -webkit-flex-direction: column;
  -ms-flex-direction: column;
  flex-direction: column;
  position: relative;
  min-width: 0;
  padding: 0;
  margin: 0;
  border: 0;
  vertical-align: top;
  width: 100%;
}

.emotion-41 {
  font-family: fontFamily;
  font-weight: 400;
  font-size: 1rem;
  line-height: 1.4375em;
  color: rgba(0, 0, 0, 0.87);
  box-sizing: border-box;
  position: relative;
  cursor: text;
  display: inline-flex;
  -webkit-align-items: center;
  -webkit-box-align: center;
  -ms-flex-align: center;
  align-items: center;
  width: 100%;
  border-radius: 8px;
}

.emotion-41.Mui-disabled {
  color: #B0BEC5;
  cursor: default;
}

.emotion-41:hover .MuiOutlinedInput-notchedOutline {
  border-color: rgba(0, 0, 0, 0.87);
}

@media (hover: none) {
  .emotion-41:hover .MuiOutlinedInput-notchedOutline {
    border-color: rgba(0, 0, 0, 0.23);
  }
}

.emotion-41.Mui-focused .MuiOutlinedInput-notchedOutline {
  border-color: #2196F3;
  border-width: 2px;
}

.emotion-41.Mui-error .MuiOutlinedInput-notchedOutline {
  border-color: #d32f2f;
}

.emotion-41.Mui-disabled .MuiOutlinedInput-notchedOutline {
  border-color: rgba(0, 0, 0, 0.26);
}

.emotion-42 {
  font: inherit;
  letter-spacing: inherit;
  color: currentColor;
  padding: 12px;
  border: 0;
  box-sizing: content-box;
  background: none;
  height: 1.4375em;
  margin: 0;
  -webkit-tap-highlight-color: transparent;
  display: block;
  min-width: 0;
  width: 100%;
  -webkit-animation-name: mui-auto-fill-cancel;
  animation-name: mui-auto-fill-cancel;
  -webkit-animation-duration: 10ms;
  animation-duration: 10ms;
}

.emotion-42::-webkit-input-placeholder {
  color: currentColor;
  opacity: 0.42;
  -webkit-transition: opacity 200ms cubic-bezier(0.4, 0, 0.2, 1) 0ms;
  transition: opacity 200ms cubic-bezier(0.4, 0, 0.2, 1) 0ms;
}

.emotion-42::-moz-placeholder {
  color: currentColor;
  opacity: 0.42;
  -webkit-transition: opacity 200ms cubic-bezier(0.4, 0, 0.2, 1) 0ms;
  transition: opacity 200ms cubic-bezier(0.4, 0, 0.2, 1) 0ms;
}

.emotion-42:-ms-input-placeholder {
  color: currentColor;
  opacity: 0.42;
  -webkit-transition: opacity 200ms cubic-bezier(0.4, 0, 0.2, 1) 0ms;
  transition: opacity 200ms cubic-bezier(0.4, 0, 0.2, 1) 0ms;
}

.emotion-42::-ms-input-placeholder {
  color: currentColor;
  opacity: 0.42;
  -webkit-transition: opacity 200ms cubic-bezier(0.4, 0, 0.2, 1) 0ms;
  transition: opacity 200ms cubic-bezier(0.4, 0, 0.2, 1) 0ms;
}

.emotion-42:focus {
  outline: 0;
}

.emotion-42:invalid {
  box-shadow: none;
}

.emotion-42::-webkit-search-decoration {
  -webkit-appearance: none;
}

label[data-shrink=false]+.MuiInputBase-formControl .emotion-42::-webkit-input-placeholder {
  opacity: 0!important;
}

label[data-shrink=false]+.MuiInputBase-formControl .emotion-42::-moz-placeholder {
  opacity: 0!important;
}

label[data-shrink=false]+.MuiInputBase-formControl .emotion-42:-ms-input-placeholder {
  opacity: 0!important;
}

label[data-shrink=false]+.MuiInputBase-formControl .emotion-42::-ms-input-placeholder {
  opacity: 0!important;
}

label[data-shrink=false]+.MuiInputBase-formControl .emotion-42:focus::-webkit-input-placeholder {
  opacity: 0.42;
}

label[data-shrink=false]+.MuiInputBase-formControl .emotion-42:focus::-moz-placeholder {
  opacity: 0.42;
}

label[data-shrink=false]+.MuiInputBase-formControl .emotion-42:focus:-ms-input-placeholder {
  opacity: 0.42;
}

label[data-shrink=false]+.MuiInputBase-formControl .emotion-42:focus::-ms-input-placeholder {
  opacity: 0.42;
}

.emotion-42.Mui-disabled {
  opacity: 1;
  -webkit-text-fill-color: #B0BEC5;
}

.emotion-42:-webkit-autofill {
  -webkit-animation-duration: 5000s;
  animation-duration: 5000s;
  -webkit-animation-name: mui-auto-fill;
  animation-name: mui-auto-fill;
}

.emotion-42:-webkit-autofill {
  border-radius: inherit;
}

.emotion-43 {
  text-align: left;
  position: absolute;
  bottom: 0;
  right: 0;
  top: -5px;
  left: 0;
  margin: 0;
  padding: 0 8px;
  pointer-events: none;
  border-radius: inherit;
  border-style: solid;
  border-width: 1px;
  overflow: hidden;
  min-width: 0%;
  border-color: rgba(0, 0, 0, 0.23);
}

.emotion-44 {
  float: unset;
  width: auto;
  overflow: hidden;
  padding: 0;
  line-height: 11px;
  -webkit-transition: width 150ms cubic-bezier(0.0, 0, 0.2, 1) 0ms;
  transition: width 150ms cubic-bezier(0.0, 0, 0.2, 1) 0ms;
}

.emotion-45 {
  display: flex;
  -webkit-flex-direction: column;
  -ms-flex-direction: column;
  flex-direction: column;
  width: 150px;
  height: 48px;
  -webkit-box-pack: center;
  -ms-flex-pack: center;
  -webkit-justify-content: center;
  justify-content: center;
}

.emotion-46 {
  margin: 0;
  font-size: 14px;
  line-height: 1.5;
  color: #757575;
  word-break: break-word;
}

.emotion-56.Mui-focused .MuiAutocomplete-clearIndicator {
  visibility: visible;
}

@media (pointer: fine) {
  .emotion-56:hover .MuiAutocomplete-clearIndicator {
    visibility: visible;
  }
}

.emotion-56 .MuiAutocomplete-tag {
  margin: 3px;
  max-width: calc(100% - 6px);
}

.MuiAutocomplete-hasPopupIcon.emotion-56 .MuiAutocomplete-inputRoot,
.MuiAutocomplete-hasClearIcon.emotion-56 .MuiAutocomplete-inputRoot {
  padding-right: 30px;
}

.MuiAutocomplete-hasPopupIcon.MuiAutocomplete-hasClearIcon.emotion-56 .MuiAutocomplete-inputRoot {
  padding-right: 56px;
}

.emotion-56 .MuiAutocomplete-inputRoot .MuiAutocomplete-input {
  width: 0;
  min-width: 30px;
}

.emotion-56 .MuiInput-root {
  padding-bottom: 1px;
}

.emotion-56 .MuiInput-root .MuiInput-input {
  padding: 4px 4px 4px 0px;
}

.emotion-56 .MuiInput-root.MuiInputBase-sizeSmall .MuiInput-input {
  padding: 2px 4px 3px 0;
}

.emotion-56 .MuiOutlinedInput-root {
  padding: 9px;
}

.MuiAutocomplete-hasPopupIcon.emotion-56 .MuiOutlinedInput-root,
.MuiAutocomplete-hasClearIcon.emotion-56 .MuiOutlinedInput-root {
  padding-right: 39px;
}

.MuiAutocomplete-hasPopupIcon.MuiAutocomplete-hasClearIcon.emotion-56 .MuiOutlinedInput-root {
  padding-right: 65px;
}

.emotion-56 .MuiOutlinedInput-root .MuiAutocomplete-input {
  padding: 7.5px 4px 7.5px 5px;
}

.emotion-56 .MuiOutlinedInput-root .MuiAutocomplete-endAdornment {
  right: 9px;
}

.emotion-56 .MuiOutlinedInput-root.MuiInputBase-sizeSmall {
  padding-top: 6px;
  padding-bottom: 6px;
  padding-left: 6px;
}

.emotion-56 .MuiOutlinedInput-root.MuiInputBase-sizeSmall .MuiAutocomplete-input {
  padding: 2.5px 4px 2.5px 8px;
}

.emotion-56 .MuiFilledInput-root {
  padding-top: 19px;
  padding-left: 8px;
}

.MuiAutocomplete-hasPopupIcon.emotion-56 .MuiFilledInput-root,
.MuiAutocomplete-hasClearIcon.emotion-56 .MuiFilledInput-root {
  padding-right: 39px;
}

.MuiAutocomplete-hasPopupIcon.MuiAutocomplete-hasClearIcon.emotion-56 .MuiFilledInput-root {
  padding-right: 65px;
}

.emotion-56 .MuiFilledInput-root .MuiFilledInput-input {
  padding: 7px 4px;
}

.emotion-56 .MuiFilledInput-root .MuiAutocomplete-endAdornment {
  right: 9px;
}

.emotion-56 .MuiFilledInput-root.MuiInputBase-sizeSmall {
  padding-bottom: 1px;
}

.emotion-56 .MuiFilledInput-root.MuiInputBase-sizeSmall .MuiFilledInput-input {
  padding: 2.5px 4px;
}

.emotion-56 .MuiInputBase-hiddenLabel {
  padding-top: 8px;
}

.emotion-56 .MuiFilledInput-root.MuiInputBase-hiddenLabel {
  padding-top: 0;
  padding-bottom: 0;
}

.emotion-56 .MuiFilledInput-root.MuiInputBase-hiddenLabel .MuiAutocomplete-input {
  padding-top: 16px;
  padding-bottom: 17px;
}

.emotion-56 .MuiFilledInput-root.MuiInputBase-hiddenLabel.MuiInputBase-sizeSmall .MuiAutocomplete-input {
  padding-top: 8px;
  padding-bottom: 9px;
}

.emotion-56 .MuiAutocomplete-input {
  -webkit-box-flex: 1;
  -webkit-flex-grow: 1;
  -ms-flex-positive: 1;
  flex-grow: 1;
  text-overflow: ellipsis;
  opacity: 0;
}

.emotion-56 .MuiAutocomplete-input {
  opacity: 1;
}

.emotion-56 .MuiAutocomplete-inputRoot {
  padding: 4px 8px;
}

.emotion-58 {
  font-family: fontFamily;
  font-weight: 400;
  font-size: 1rem;
  line-height: 1.4375em;
  color: rgba(0, 0, 0, 0.87);
  box-sizing: border-box;
  position: relative;
  cursor: text;
  display: inline-flex;
  -webkit-align-items: center;
  -webkit-box-align: center;
  -ms-flex-align: center;
  align-items: center;
  width: 100%;
  border-radius: 8px;
  padding-right: 14px;
}

.emotion-58.Mui-disabled {
  color: #B0BEC5;
  cursor: default;
}

.emotion-58:hover .MuiOutlinedInput-notchedOutline {
  border-color: rgba(0, 0, 0, 0.87);
}

@media (hover: none) {
  .emotion-58:hover .MuiOutlinedInput-notchedOutline {
    border-color: rgba(0, 0, 0, 0.23);
  }
}

.emotion-58.Mui-focused .MuiOutlinedInput-notchedOutline {
  border-color: #2196F3;
  border-width: 2px;
}

.emotion-58.Mui-error .MuiOutlinedInput-notchedOutline {
  border-color: #d32f2f;
}

.emotion-58.Mui-disabled .MuiOutlinedInput-notchedOutline {
  border-color: rgba(0, 0, 0, 0.26);
}

.emotion-59 {
  font: inherit;
  letter-spacing: inherit;
  color: currentColor;
  padding: 12px;
  border: 0;
  box-sizing: content-box;
  background: none;
  height: 1.4375em;
  margin: 0;
  -webkit-tap-highlight-color: transparent;
  display: block;
  min-width: 0;
  width: 100%;
  -webkit-animation-name: mui-auto-fill-cancel;
  animation-name: mui-auto-fill-cancel;
  -webkit-animation-duration: 10ms;
  animation-duration: 10ms;
  padding-right: 0;
}

.emotion-59::-webkit-input-placeholder {
  color: currentColor;
  opacity: 0.42;
  -webkit-transition: opacity 200ms cubic-bezier(0.4, 0, 0.2, 1) 0ms;
  transition: opacity 200ms cubic-bezier(0.4, 0, 0.2, 1) 0ms;
}

.emotion-59::-moz-placeholder {
  color: currentColor;
  opacity: 0.42;
  -webkit-transition: opacity 200ms cubic-bezier(0.4, 0, 0.2, 1) 0ms;
  transition: opacity 200ms cubic-bezier(0.4, 0, 0.2, 1) 0ms;
}

.emotion-59:-ms-input-placeholder {
  color: currentColor;
  opacity: 0.42;
  -webkit-transition: opacity 200ms cubic-bezier(0.4, 0, 0.2, 1) 0ms;
  transition: opacity 200ms cubic-bezier(0.4, 0, 0.2, 1) 0ms;
}

.emotion-59::-ms-input-placeholder {
  color: currentColor;
  opacity: 0.42;
  -webkit-transition: opacity 200ms cubic-bezier(0.4, 0, 0.2, 1) 0ms;
  transition: opacity 200ms cubic-bezier(0.4, 0, 0.2, 1) 0ms;
}

.emotion-59:focus {
  outline: 0;
}

.emotion-59:invalid {
  box-shadow: none;
}

.emotion-59::-webkit-search-decoration {
  -webkit-appearance: none;
}

label[data-shrink=false]+.MuiInputBase-formControl .emotion-59::-webkit-input-placeholder {
  opacity: 0!important;
}

label[data-shrink=false]+.MuiInputBase-formControl .emotion-59::-moz-placeholder {
  opacity: 0!important;
}

label[data-shrink=false]+.MuiInputBase-formControl .emotion-59:-ms-input-placeholder {
  opacity: 0!important;
}

label[data-shrink=false]+.MuiInputBase-formControl .emotion-59::-ms-input-placeholder {
  opacity: 0!important;
}

label[data-shrink=false]+.MuiInputBase-formControl .emotion-59:focus::-webkit-input-placeholder {
  opacity: 0.42;
}

label[data-shrink=false]+.MuiInputBase-formControl .emotion-59:focus::-moz-placeholder {
  opacity: 0.42;
}

label[data-shrink=false]+.MuiInputBase-formControl .emotion-59:focus:-ms-input-placeholder {
  opacity: 0.42;
}

label[data-shrink=false]+.MuiInputBase-formControl .emotion-59:focus::-ms-input-placeholder {
  opacity: 0.42;
}

.emotion-59.Mui-disabled {
  opacity: 1;
  -webkit-text-fill-color: #B0BEC5;
}

.emotion-59:-webkit-autofill {
  -webkit-animation-duration: 5000s;
  animation-duration: 5000s;
  -webkit-animation-name: mui-auto-fill;
  animation-name: mui-auto-fill;
}

.emotion-59:-webkit-autofill {
  border-radius: inherit;
}

.emotion-60 {
  position: absolute;
  right: 0;
  top: 50%;
  -webkit-transform: translate(0, -50%);
  -moz-transform: translate(0, -50%);
  -ms-transform: translate(0, -50%);
  transform: translate(0, -50%);
}

.emotion-61 {
  display: inline-flex;
  -webkit-align-items: center;
  -webkit-box-align: center;
  -ms-flex-align: center;
  align-items: center;
  -webkit-box-pack: center;
  -ms-flex-pack: center;
  -webkit-justify-content: center;
  justify-content: center;
  position: relative;
  box-sizing: border-box;
  -webkit-tap-highlight-color: transparent;
  background-color: transparent;
  outline: 0;
  border: 0;
  margin: 0;
  border-radius: 50%;
  padding: 4px;
  cursor: pointer;
  -webkit-user-select: none;
  -moz-user-select: none;
  -ms-user-select: none;
  user-select: none;
  vertical-align: middle;
  -moz-appearance: none;
  -webkit-appearance: none;
  -webkit-text-decoration: none;
  text-decoration: none;
  color: rgba(0, 0, 0, 0.54);
  text-align: center;
  -webkit-flex: 0 0 auto;
  -ms-flex: 0 0 auto;
  flex: 0 0 auto;
  font-size: 1.5rem;
  overflow: visible;
  -webkit-transition: background-color 150ms cubic-bezier(0.4, 0, 0.2, 1) 0ms;
  transition: background-color 150ms cubic-bezier(0.4, 0, 0.2, 1) 0ms;
  margin-right: -2px;
  visibility: hidden;
}

.emotion-61::-moz-focus-inner {
  border-style: none;
}

.emotion-61.Mui-disabled {
  pointer-events: none;
  cursor: default;
}

@media print {
  .emotion-61 {
    -webkit-print-color-adjust: exact;
    color-adjust: exact;
  }
}

.emotion-61:hover {
  background-color: rgba(0, 0, 0, 0.04);
}

@media (hover: none) {
  .emotion-61:hover {
    background-color: transparent;
  }
}

.emotion-61.Mui-disabled {
  background-color: transparent;
  color: rgba(0, 0, 0, 0.26);
}

.emotion-62 {
  -webkit-user-select: none;
  -moz-user-select: none;
  -ms-user-select: none;
  user-select: none;
  width: 1em;
  height: 1em;
  display: inline-block;
  fill: currentColor;
  -webkit-flex-shrink: 0;
  -ms-flex-negative: 0;
  flex-shrink: 0;
  -webkit-transition: fill 200ms cubic-bezier(0.4, 0, 0.2, 1) 0ms;
  transition: fill 200ms cubic-bezier(0.4, 0, 0.2, 1) 0ms;
  font-size: 1.25rem;
}

.emotion-64 {
  display: inline-flex;
  -webkit-align-items: center;
  -webkit-box-align: center;
  -ms-flex-align: center;
  align-items: center;
  -webkit-box-pack: center;
  -ms-flex-pack: center;
  -webkit-justify-content: center;
  justify-content: center;
  position: relative;
  box-sizing: border-box;
  -webkit-tap-highlight-color: transparent;
  background-color: transparent;
  outline: 0;
  border: 0;
  margin: 0;
  border-radius: 50%;
  padding: 2px;
  cursor: pointer;
  -webkit-user-select: none;
  -moz-user-select: none;
  -ms-user-select: none;
  user-select: none;
  vertical-align: middle;
  -moz-appearance: none;
  -webkit-appearance: none;
  -webkit-text-decoration: none;
  text-decoration: none;
  color: rgba(0, 0, 0, 0.54);
  text-align: center;
  -webkit-flex: 0 0 auto;
  -ms-flex: 0 0 auto;
  flex: 0 0 auto;
  font-size: 1.5rem;
  overflow: visible;
  -webkit-transition: background-color 150ms cubic-bezier(0.4, 0, 0.2, 1) 0ms;
  transition: background-color 150ms cubic-bezier(0.4, 0, 0.2, 1) 0ms;
  margin-right: -2px;
}

.emotion-64::-moz-focus-inner {
  border-style: none;
}

.emotion-64.Mui-disabled {
  pointer-events: none;
  cursor: default;
}

@media print {
  .emotion-64 {
    -webkit-print-color-adjust: exact;
    color-adjust: exact;
  }
}

.emotion-64:hover {
  background-color: rgba(0, 0, 0, 0.04);
}

@media (hover: none) {
  .emotion-64:hover {
    background-color: transparent;
  }
}

.emotion-64.Mui-disabled {
  background-color: transparent;
  color: rgba(0, 0, 0, 0.26);
}

.emotion-65 {
  -webkit-user-select: none;
  -moz-user-select: none;
  -ms-user-select: none;
  user-select: none;
  width: 1em;
  height: 1em;
  display: inline-block;
  fill: currentColor;
  -webkit-flex-shrink: 0;
  -ms-flex-negative: 0;
  flex-shrink: 0;
  -webkit-transition: fill 200ms cubic-bezier(0.4, 0, 0.2, 1) 0ms;
  transition: fill 200ms cubic-bezier(0.4, 0, 0.2, 1) 0ms;
  font-size: 1.5rem;
}

.emotion-107 {
  margin-left: 12px;
}

.emotion-108 {
  display: flex;
  -webkit-flex-direction: column;
  -ms-flex-direction: column;
  flex-direction: column;
}

.emotion-109 {
  -webkit-user-select: none;
  -moz-user-select: none;
  -ms-user-select: none;
  user-select: none;
  width: 1em;
  height: 1em;
  display: inline-block;
  fill: currentColor;
  -webkit-flex-shrink: 0;
  -ms-flex-negative: 0;
  flex-shrink: 0;
  -webkit-transition: fill 200ms cubic-bezier(0.4, 0, 0.2, 1) 0ms;
  transition: fill 200ms cubic-bezier(0.4, 0, 0.2, 1) 0ms;
  font-size: 20px;
  color: #607D8B;
}

<div
    class="MuiStack-root emotion-0"
  >
    <div
      class="MuiPaper-root MuiPaper-elevation MuiPaper-rounded MuiPaper-elevation1 emotion-1"
    >
      <div
        class="MuiStack-root emotion-2"
      >
        <button
          class="MuiButtonBase-root MuiButton-root MuiButton-outlined MuiButton-outlinedPrimary MuiButton-sizeMedium MuiButton-outlinedSizeMedium MuiButton-colorPrimary MuiButton-root MuiButton-outlined MuiButton-outlinedPrimary MuiButton-sizeMedium MuiButton-outlinedSizeMedium MuiButton-colorPrimary emotion-3"
          data-testid="back-button"
          tabindex="0"
          type="button"
        >
          <span
            class="MuiButton-icon MuiButton-startIcon MuiButton-iconSizeMedium emotion-4"
          >
            <svg />
          </span>
          กลับหน้าหลัก
          <span
            class="MuiTouchRipple-root emotion-5"
          />
        </button>
      </div>
      <hr
        class="MuiDivider-root MuiDivider-fullWidth emotion-6"
      />
      <div
        class="MuiStack-root emotion-7"
      >
        <div
          class="MuiStack-root emotion-8"
        >
          <div
            class="MuiStack-root emotion-9"
          >
            <span
              class="MuiTypography-root MuiTypography-headerSemiBold emotion-10"
              data-testid="page-title"
            >
              ทดลองใส่ข้อมูลเอง
            </span>
          </div>
          <div
            class="MuiStack-root emotion-11"
          >
            <div
              class="MuiStack-root emotion-12"
            >
              <button
                class="MuiButtonBase-root MuiButton-root MuiButton-outlined MuiButton-outlinedPrimary MuiButton-sizeMedium MuiButton-outlinedSizeMedium MuiButton-colorPrimary MuiButton-root MuiButton-outlined MuiButton-outlinedPrimary MuiButton-sizeMedium MuiButton-outlinedSizeMedium MuiButton-colorPrimary emotion-13"
                data-testid="use-example-data-button"
                tabindex="0"
                type="button"
              >
                <span
                  class="MuiButton-icon MuiButton-startIcon MuiButton-iconSizeMedium emotion-4"
                >
                  <svg />
                </span>
                ใช้ข้อมูลตัวอย่าง
                <span
                  class="MuiTouchRipple-root emotion-5"
                />
              </button>
              <button
                class="MuiButtonBase-root MuiButton-root MuiButton-contained MuiButton-containedPrimary MuiButton-sizeMedium MuiButton-containedSizeMedium MuiButton-colorPrimary MuiButton-root MuiButton-contained MuiButton-containedPrimary MuiButton-sizeMedium MuiButton-containedSizeMedium MuiButton-colorPrimary emotion-16"
                data-testid="submit-interpret-button"
                tabindex="0"
                type="button"
              >
                <span
                  class="MuiButton-icon MuiButton-startIcon MuiButton-iconSizeMedium emotion-4"
                >
                  <svg />
                </span>
                แปลและสรุปข้อมูล
                <span
                  class="MuiTouchRipple-root emotion-5"
                />
              </button>
            </div>
            <div
              class="MuiStack-root emotion-19"
            >
              <div
                class="MuiStack-root emotion-20"
              >
                <span
                  class="MuiTypography-root MuiTypography-labelExtraSmall emotion-21"
                >
                  เครดิตของฉัน
                </span>
                <span
                  class="MuiTypography-root MuiTypography-labelExtraSmallBold emotion-22"
                >
                  ใช้ได้ไม่จำกัด
                </span>
              </div>
              <div
                class="MuiStack-root emotion-23"
              >
                <span
                  class="MuiTypography-root MuiTypography-labelExtraSmall emotion-21"
                >
                  Model Version
                </span>
                <span
                  class="MuiTypography-root MuiTypography-labelExtraSmallBold emotion-22"
                >
                  1.0.0
                </span>
              </div>
            </div>
          </div>
        </div>
      </div>
      <form>
        <div
          class="MuiStack-root emotion-26"
        >
          <div
            class="MuiStack-root emotion-27"
          >
            <span
              class="MuiTypography-root MuiTypography-titleBold emotion-28"
            >
              การตรวจสุขภาพทั่วไป
            </span>
            <span
              class="MuiTypography-root MuiTypography-bodySmall emotion-29"
            >
              (General Check-up)
            </span>
          </div>
          <div
            class="MuiStack-root emotion-30"
          >
            <div
              class="MuiGrid-root MuiGrid-container emotion-31"
            >
              <div
                class="MuiGrid-root MuiGrid-item MuiGrid-grid-xs-7 emotion-32"
              >
                <div
                  class="MuiStack-root emotion-8"
                >
                  <span
                    class="MuiTypography-root MuiTypography-bodyBold emotion-34"
                  >
                    อายุ
                  </span>
                  <span
                    class="MuiTypography-root MuiTypography-bodyBold emotion-35"
                  >
                    *
                  </span>
                </div>
                <span
                  class="MuiTypography-root MuiTypography-bodySmall emotion-36"
                >
                  (Age)
                </span>
              </div>
              <div
                class="MuiGrid-root MuiGrid-item MuiGrid-grid-xs-5 emotion-37"
              >
                <div
                  class="MuiStack-root emotion-38"
                >
                  <div
                    class="MuiBox-root emotion-39"
                  >
                    <div
                      class="MuiFormControl-root MuiFormControl-fullWidth MuiTextField-root emotion-40"
                    >
                      <div
                        class="MuiInputBase-root MuiOutlinedInput-root MuiInputBase-colorPrimary MuiInputBase-fullWidth MuiInputBase-formControl emotion-41"
                      >
                        <input
                          aria-invalid="false"
                          class="MuiInputBase-input MuiOutlinedInput-input emotion-42"
                          data-testid="input-number-age"
                          id=":r0:"
                          name="age"
                          placeholder="กรอกข้อมูล"
                          step="1"
                          type="text"
                          value="40"
                        />
                        <fieldset
                          aria-hidden="true"
                          class="MuiOutlinedInput-notchedOutline emotion-43"
                        >
                          <legend
                            class="emotion-44"
                          >
                            <span
                              class="notranslate"
                            >
                              ​
                            </span>
                          </legend>
                        </fieldset>
                      </div>
                    </div>
                  </div>
                  <div
                    class="MuiStack-root emotion-45"
                  >
                    <span
                      class="MuiTypography-root MuiTypography-bodySmall emotion-46"
                    >
                      ปี
                    </span>
                  </div>
                </div>
              </div>
            </div>
            <div
              class="MuiGrid-root MuiGrid-container emotion-31"
            >
              <div
                class="MuiGrid-root MuiGrid-item MuiGrid-grid-xs-7 emotion-32"
              >
                <div
                  class="MuiStack-root emotion-8"
                >
                  <span
                    class="MuiTypography-root MuiTypography-bodyBold emotion-34"
                  >
                    เพศ
                  </span>
                  <span
                    class="MuiTypography-root MuiTypography-bodyBold emotion-35"
                  >
                    *
                  </span>
                </div>
                <span
                  class="MuiTypography-root MuiTypography-bodySmall emotion-36"
                >
                  (Gender)
                </span>
              </div>
              <div
                class="MuiGrid-root MuiGrid-item MuiGrid-grid-xs-5 emotion-37"
              >
                <div
                  class="MuiStack-root emotion-38"
                >
                  <div
                    class="MuiBox-root emotion-39"
                  >
                    <div
                      class="MuiAutocomplete-root MuiAutocomplete-hasClearIcon MuiAutocomplete-hasPopupIcon emotion-56"
                      data-testid="autocomplete-gender"
                      name="gender"
                    >
                      <div
                        class="MuiFormControl-root MuiFormControl-fullWidth MuiTextField-root emotion-40"
                      >
                        <div
                          class="MuiInputBase-root MuiOutlinedInput-root MuiInputBase-colorPrimary MuiInputBase-fullWidth MuiInputBase-formControl MuiInputBase-adornedEnd MuiAutocomplete-inputRoot emotion-58"
                        >
                          <input
                            aria-autocomplete="list"
                            aria-expanded="false"
                            aria-invalid="false"
                            autocapitalize="none"
                            autocomplete="off"
                            class="MuiInputBase-input MuiOutlinedInput-input MuiInputBase-inputAdornedEnd MuiAutocomplete-input MuiAutocomplete-inputFocused emotion-59"
                            id=":r1:"
                            placeholder="เลือก เพศ"
                            required=""
                            role="combobox"
                            spellcheck="false"
                            type="text"
                            value="Male"
                          />
                          <div
                            class="MuiAutocomplete-endAdornment emotion-60"
                          >
                            <button
                              aria-label="Clear"
                              class="MuiButtonBase-root MuiIconButton-root MuiIconButton-sizeMedium MuiAutocomplete-clearIndicator emotion-61"
                              tabindex="-1"
                              title="Clear"
                              type="button"
                            >
                              <svg
                                aria-hidden="true"
                                class="MuiSvgIcon-root MuiSvgIcon-fontSizeSmall emotion-62"
                                data-testid="CloseIcon"
                                focusable="false"
                                viewBox="0 0 24 24"
                              >
                                <path
                                  d="M19 6.41L17.59 5 12 10.59 6.41 5 5 6.41 10.59 12 5 17.59 6.41 19 12 13.41 17.59 19 19 17.59 13.41 12z"
                                />
                              </svg>
                              <span
                                class="MuiTouchRipple-root emotion-5"
                              />
                            </button>
                            <button
                              aria-label="Open"
                              class="MuiButtonBase-root MuiIconButton-root MuiIconButton-sizeMedium MuiAutocomplete-popupIndicator emotion-64"
                              tabindex="-1"
                              title="Open"
                              type="button"
                            >
                              <svg
                                aria-hidden="true"
                                class="MuiSvgIcon-root MuiSvgIcon-fontSizeMedium emotion-65"
                                data-testid="drop-icon"
                                focusable="false"
                                viewBox="0 0 24 24"
                              >
                                <path
                                  d="M7.41 8.59 12 13.17l4.59-4.58L18 10l-6 6-6-6z"
                                />
                              </svg>
                              <span
                                class="MuiTouchRipple-root emotion-5"
                              />
                            </button>
                          </div>
                          <fieldset
                            aria-hidden="true"
                            class="MuiOutlinedInput-notchedOutline emotion-43"
                          >
                            <legend
                              class="emotion-44"
                            >
                              <span
                                class="notranslate"
                              >
                                ​
                              </span>
                            </legend>
                          </fieldset>
                        </div>
                      </div>
                    </div>
                  </div>
                  <div
                    class="MuiStack-root emotion-45"
                  >
                    <span
                      class="MuiTypography-root MuiTypography-bodySmall emotion-46"
                    />
                  </div>
                </div>
              </div>
            </div>
            <div
              class="MuiGrid-root MuiGrid-container emotion-31"
            >
              <div
                class="MuiGrid-root MuiGrid-item MuiGrid-grid-xs-7 emotion-32"
              >
                <div
                  class="MuiStack-root emotion-8"
                >
                  <span
                    class="MuiTypography-root MuiTypography-bodyBold emotion-34"
                  >
                    น้ำหนัก
                  </span>
                  <span
                    class="MuiTypography-root MuiTypography-bodyBold emotion-35"
                  >
                    *
                  </span>
                </div>
                <span
                  class="MuiTypography-root MuiTypography-bodySmall emotion-36"
                >
                  (Body Weight)
                </span>
              </div>
              <div
                class="MuiGrid-root MuiGrid-item MuiGrid-grid-xs-5 emotion-37"
              >
                <div
                  class="MuiStack-root emotion-38"
                >
                  <div
                    class="MuiBox-root emotion-39"
                  >
                    <div
                      class="MuiFormControl-root MuiFormControl-fullWidth MuiTextField-root emotion-40"
                    >
                      <div
                        class="MuiInputBase-root MuiOutlinedInput-root MuiInputBase-colorPrimary MuiInputBase-fullWidth MuiInputBase-formControl emotion-41"
                      >
                        <input
                          aria-invalid="false"
                          class="MuiInputBase-input MuiOutlinedInput-input emotion-42"
                          data-testid="input-number-body_weight"
                          id=":r3:"
                          name="body_weight"
                          placeholder="กรอกข้อมูล"
                          step="1"
                          type="text"
                          value="40"
                        />
                        <fieldset
                          aria-hidden="true"
                          class="MuiOutlinedInput-notchedOutline emotion-43"
                        >
                          <legend
                            class="emotion-44"
                          >
                            <span
                              class="notranslate"
                            >
                              ​
                            </span>
                          </legend>
                        </fieldset>
                      </div>
                    </div>
                  </div>
                  <div
                    class="MuiStack-root emotion-45"
                  >
                    <span
                      class="MuiTypography-root MuiTypography-bodySmall emotion-46"
                    >
                      Kg
                    </span>
                  </div>
                </div>
              </div>
            </div>
            <div
              class="MuiGrid-root MuiGrid-container emotion-31"
            >
              <div
                class="MuiGrid-root MuiGrid-item MuiGrid-grid-xs-7 emotion-32"
              >
                <div
                  class="MuiStack-root emotion-8"
                >
                  <span
                    class="MuiTypography-root MuiTypography-bodyBold emotion-34"
                  >
                    ส่วนสูง
                  </span>
                  <span
                    class="MuiTypography-root MuiTypography-bodyBold emotion-35"
                  >
                    *
                  </span>
                </div>
                <span
                  class="MuiTypography-root MuiTypography-bodySmall emotion-36"
                >
                  (Body Height)
                </span>
              </div>
              <div
                class="MuiGrid-root MuiGrid-item MuiGrid-grid-xs-5 emotion-37"
              >
                <div
                  class="MuiStack-root emotion-38"
                >
                  <div
                    class="MuiBox-root emotion-39"
                  >
                    <div
                      class="MuiFormControl-root MuiFormControl-fullWidth MuiTextField-root emotion-40"
                    >
                      <div
                        class="MuiInputBase-root MuiOutlinedInput-root MuiInputBase-colorPrimary MuiInputBase-fullWidth MuiInputBase-formControl emotion-41"
                      >
                        <input
                          aria-invalid="false"
                          class="MuiInputBase-input MuiOutlinedInput-input emotion-42"
                          data-testid="input-number-body_height"
                          id=":r4:"
                          name="body_height"
                          placeholder="กรอกข้อมูล"
                          step="1"
                          type="text"
                          value="150"
                        />
                        <fieldset
                          aria-hidden="true"
                          class="MuiOutlinedInput-notchedOutline emotion-43"
                        >
                          <legend
                            class="emotion-44"
                          >
                            <span
                              class="notranslate"
                            >
                              ​
                            </span>
                          </legend>
                        </fieldset>
                      </div>
                    </div>
                  </div>
                  <div
                    class="MuiStack-root emotion-45"
                  >
                    <span
                      class="MuiTypography-root MuiTypography-bodySmall emotion-46"
                    >
                      Cm
                    </span>
                  </div>
                </div>
              </div>
            </div>
            <div
              class="MuiGrid-root MuiGrid-container emotion-31"
            >
              <div
                class="MuiGrid-root MuiGrid-item MuiGrid-grid-xs-7 emotion-32"
              >
                <div
                  class="MuiStack-root emotion-8"
                >
                  <span
                    class="MuiTypography-root MuiTypography-bodyBold emotion-34"
                  >
                    เส้นรอบเอว
                  </span>
                  <div
                    class="MuiBox-root emotion-107"
                  >
                    <div
                      class="MuiStack-root emotion-108"
                      data-mui-internal-clone-element="true"
                    >
                      <svg
                        aria-hidden="true"
                        class="MuiSvgIcon-root MuiSvgIcon-fontSizeMedium emotion-109"
                        data-testid="InfoOutlinedIcon"
                        focusable="false"
                        viewBox="0 0 24 24"
                      >
                        <path
                          d="M11 7h2v2h-2zm0 4h2v6h-2zm1-9C6.48 2 2 6.48 2 12s4.48 10 10 10 10-4.48 10-10S17.52 2 12 2m0 18c-4.41 0-8-3.59-8-8s3.59-8 8-8 8 3.59 8 8-3.59 8-8 8"
                        />
                      </svg>
                    </div>
                  </div>
                </div>
                <span
                  class="MuiTypography-root MuiTypography-bodySmall emotion-36"
                >
                  (Waistline)
                </span>
              </div>
              <div
                class="MuiGrid-root MuiGrid-item MuiGrid-grid-xs-5 emotion-37"
              >
                <div
                  class="MuiStack-root emotion-38"
                >
                  <div
                    class="MuiBox-root emotion-39"
                  >
                    <div
                      class="MuiFormControl-root MuiFormControl-fullWidth MuiTextField-root emotion-40"
                    >
                      <div
                        class="MuiInputBase-root MuiOutlinedInput-root MuiInputBase-colorPrimary MuiInputBase-fullWidth MuiInputBase-formControl emotion-41"
                      >
                        <input
                          aria-invalid="false"
                          class="MuiInputBase-input MuiOutlinedInput-input emotion-42"
                          data-testid="input-number-waist_line"
                          id=":r6:"
                          name="waist_line"
                          placeholder="กรอกข้อมูล"
                          step="1"
                          type="text"
                          value=""
                        />
                        <fieldset
                          aria-hidden="true"
                          class="MuiOutlinedInput-notchedOutline emotion-43"
                        >
                          <legend
                            class="emotion-44"
                          >
                            <span
                              class="notranslate"
                            >
                              ​
                            </span>
                          </legend>
                        </fieldset>
                      </div>
                    </div>
                  </div>
                  <div
                    class="MuiStack-root emotion-45"
                  >
                    <span
                      class="MuiTypography-root MuiTypography-bodySmall emotion-46"
                    >
                      Cm
                    </span>
                  </div>
                </div>
              </div>
            </div>
            <div
              class="MuiGrid-root MuiGrid-container emotion-31"
            >
              <div
                class="MuiGrid-root MuiGrid-item MuiGrid-grid-xs-7 emotion-32"
              >
                <div
                  class="MuiStack-root emotion-8"
                >
                  <span
                    class="MuiTypography-root MuiTypography-bodyBold emotion-34"
                  >
                    ความดันโลหิตขณะบีบตัว (ตัวบน)
                  </span>
                  <div
                    class="MuiBox-root emotion-107"
                  >
                    <div
                      class="MuiStack-root emotion-108"
                      data-mui-internal-clone-element="true"
                    >
                      <svg
                        aria-hidden="true"
                        class="MuiSvgIcon-root MuiSvgIcon-fontSizeMedium emotion-109"
                        data-testid="InfoOutlinedIcon"
                        focusable="false"
                        viewBox="0 0 24 24"
                      >
                        <path
                          d="M11 7h2v2h-2zm0 4h2v6h-2zm1-9C6.48 2 2 6.48 2 12s4.48 10 10 10 10-4.48 10-10S17.52 2 12 2m0 18c-4.41 0-8-3.59-8-8s3.59-8 8-8 8 3.59 8 8-3.59 8-8 8"
                        />
                      </svg>
                    </div>
                  </div>
                </div>
                <span
                  class="MuiTypography-root MuiTypography-bodySmall emotion-36"
                >
                  (Blood Pressure Systolic)
                </span>
              </div>
              <div
                class="MuiGrid-root MuiGrid-item MuiGrid-grid-xs-5 emotion-37"
              >
                <div
                  class="MuiStack-root emotion-38"
                >
                  <div
                    class="MuiBox-root emotion-39"
                  >
                    <div
                      class="MuiFormControl-root MuiFormControl-fullWidth MuiTextField-root emotion-40"
                    >
                      <div
                        class="MuiInputBase-root MuiOutlinedInput-root MuiInputBase-colorPrimary MuiInputBase-fullWidth MuiInputBase-formControl emotion-41"
                      >
                        <input
                          aria-invalid="false"
                          class="MuiInputBase-input MuiOutlinedInput-input emotion-42"
                          data-testid="input-number-blood_pressure_systolic"
                          id=":r8:"
                          name="blood_pressure_systolic"
                          placeholder="กรอกข้อมูล"
                          step="1"
                          type="text"
                          value=""
                        />
                        <fieldset
                          aria-hidden="true"
                          class="MuiOutlinedInput-notchedOutline emotion-43"
                        >
                          <legend
                            class="emotion-44"
                          >
                            <span
                              class="notranslate"
                            >
                              ​
                            </span>
                          </legend>
                        </fieldset>
                      </div>
                    </div>
                  </div>
                  <div
                    class="MuiStack-root emotion-45"
                  >
                    <span
                      class="MuiTypography-root MuiTypography-bodySmall emotion-46"
                    >
                      mmhg
                    </span>
                  </div>
                </div>
              </div>
            </div>
            <div
              class="MuiGrid-root MuiGrid-container emotion-31"
            >
              <div
                class="MuiGrid-root MuiGrid-item MuiGrid-grid-xs-7 emotion-32"
              >
                <div
                  class="MuiStack-root emotion-8"
                >
                  <span
                    class="MuiTypography-root MuiTypography-bodyBold emotion-34"
                  >
                    ความดันโลหิตขณะคลายตัว (ตัวล่าง)
                  </span>
                  <div
                    class="MuiBox-root emotion-107"
                  >
                    <div
                      class="MuiStack-root emotion-108"
                      data-mui-internal-clone-element="true"
                    >
                      <svg
                        aria-hidden="true"
                        class="MuiSvgIcon-root MuiSvgIcon-fontSizeMedium emotion-109"
                        data-testid="InfoOutlinedIcon"
                        focusable="false"
                        viewBox="0 0 24 24"
                      >
                        <path
                          d="M11 7h2v2h-2zm0 4h2v6h-2zm1-9C6.48 2 2 6.48 2 12s4.48 10 10 10 10-4.48 10-10S17.52 2 12 2m0 18c-4.41 0-8-3.59-8-8s3.59-8 8-8 8 3.59 8 8-3.59 8-8 8"
                        />
                      </svg>
                    </div>
                  </div>
                </div>
                <span
                  class="MuiTypography-root MuiTypography-bodySmall emotion-36"
                >
                  (Blood Pressure Diastolic)
                </span>
              </div>
              <div
                class="MuiGrid-root MuiGrid-item MuiGrid-grid-xs-5 emotion-37"
              >
                <div
                  class="MuiStack-root emotion-38"
                >
                  <div
                    class="MuiBox-root emotion-39"
                  >
                    <div
                      class="MuiFormControl-root MuiFormControl-fullWidth MuiTextField-root emotion-40"
                    >
                      <div
                        class="MuiInputBase-root MuiOutlinedInput-root MuiInputBase-colorPrimary MuiInputBase-fullWidth MuiInputBase-formControl emotion-41"
                      >
                        <input
                          aria-invalid="false"
                          class="MuiInputBase-input MuiOutlinedInput-input emotion-42"
                          data-testid="input-number-blood_pressure_diastolic"
                          id=":ra:"
                          name="blood_pressure_diastolic"
                          placeholder="กรอกข้อมูล"
                          step="1"
                          type="text"
                          value=""
                        />
                        <fieldset
                          aria-hidden="true"
                          class="MuiOutlinedInput-notchedOutline emotion-43"
                        >
                          <legend
                            class="emotion-44"
                          >
                            <span
                              class="notranslate"
                            >
                              ​
                            </span>
                          </legend>
                        </fieldset>
                      </div>
                    </div>
                  </div>
                  <div
                    class="MuiStack-root emotion-45"
                  >
                    <span
                      class="MuiTypography-root MuiTypography-bodySmall emotion-46"
                    >
                      mmhg
                    </span>
                  </div>
                </div>
              </div>
            </div>
            <div
              class="MuiGrid-root MuiGrid-container emotion-31"
            >
              <div
                class="MuiGrid-root MuiGrid-item MuiGrid-grid-xs-7 emotion-32"
              >
                <div
                  class="MuiStack-root emotion-8"
                >
                  <span
                    class="MuiTypography-root MuiTypography-bodyBold emotion-34"
                  >
                    อัตราการเต้นหัวใจ
                  </span>
                  <div
                    class="MuiBox-root emotion-107"
                  >
                    <div
                      class="MuiStack-root emotion-108"
                      data-mui-internal-clone-element="true"
                    >
                      <svg
                        aria-hidden="true"
                        class="MuiSvgIcon-root MuiSvgIcon-fontSizeMedium emotion-109"
                        data-testid="InfoOutlinedIcon"
                        focusable="false"
                        viewBox="0 0 24 24"
                      >
                        <path
                          d="M11 7h2v2h-2zm0 4h2v6h-2zm1-9C6.48 2 2 6.48 2 12s4.48 10 10 10 10-4.48 10-10S17.52 2 12 2m0 18c-4.41 0-8-3.59-8-8s3.59-8 8-8 8 3.59 8 8-3.59 8-8 8"
                        />
                      </svg>
                    </div>
                  </div>
                </div>
                <span
                  class="MuiTypography-root MuiTypography-bodySmall emotion-36"
                >
                  (Pulse)
                </span>
              </div>
              <div
                class="MuiGrid-root MuiGrid-item MuiGrid-grid-xs-5 emotion-37"
              >
                <div
                  class="MuiStack-root emotion-38"
                >
                  <div
                    class="MuiBox-root emotion-39"
                  >
                    <div
                      class="MuiFormControl-root MuiFormControl-fullWidth MuiTextField-root emotion-40"
                    >
                      <div
                        class="MuiInputBase-root MuiOutlinedInput-root MuiInputBase-colorPrimary MuiInputBase-fullWidth MuiInputBase-formControl emotion-41"
                      >
                        <input
                          aria-invalid="false"
                          class="MuiInputBase-input MuiOutlinedInput-input emotion-42"
                          data-testid="input-number-pulse"
                          id=":rc:"
                          name="pulse"
                          placeholder="กรอกข้อมูล"
                          step="1"
                          type="text"
                          value=""
                        />
                        <fieldset
                          aria-hidden="true"
                          class="MuiOutlinedInput-notchedOutline emotion-43"
                        >
                          <legend
                            class="emotion-44"
                          >
                            <span
                              class="notranslate"
                            >
                              ​
                            </span>
                          </legend>
                        </fieldset>
                      </div>
                    </div>
                  </div>
                  <div
                    class="MuiStack-root emotion-45"
                  >
                    <span
                      class="MuiTypography-root MuiTypography-bodySmall emotion-46"
                    >
                      Bpm
                    </span>
                  </div>
                </div>
              </div>
            </div>
            <div
              class="MuiGrid-root MuiGrid-container emotion-31"
            >
              <div
                class="MuiGrid-root MuiGrid-item MuiGrid-grid-xs-7 emotion-32"
              >
                <div
                  class="MuiStack-root emotion-8"
                >
                  <span
                    class="MuiTypography-root MuiTypography-bodyBold emotion-34"
                  >
                    อัตราการหายใจ
                  </span>
                  <div
                    class="MuiBox-root emotion-107"
                  >
                    <div
                      class="MuiStack-root emotion-108"
                      data-mui-internal-clone-element="true"
                    >
                      <svg
                        aria-hidden="true"
                        class="MuiSvgIcon-root MuiSvgIcon-fontSizeMedium emotion-109"
                        data-testid="InfoOutlinedIcon"
                        focusable="false"
                        viewBox="0 0 24 24"
                      >
                        <path
                          d="M11 7h2v2h-2zm0 4h2v6h-2zm1-9C6.48 2 2 6.48 2 12s4.48 10 10 10 10-4.48 10-10S17.52 2 12 2m0 18c-4.41 0-8-3.59-8-8s3.59-8 8-8 8 3.59 8 8-3.59 8-8 8"
                        />
                      </svg>
                    </div>
                  </div>
                </div>
                <span
                  class="MuiTypography-root MuiTypography-bodySmall emotion-36"
                >
                  (Respiratory Rate)
                </span>
              </div>
              <div
                class="MuiGrid-root MuiGrid-item MuiGrid-grid-xs-5 emotion-37"
              >
                <div
                  class="MuiStack-root emotion-38"
                >
                  <div
                    class="MuiBox-root emotion-39"
                  >
                    <div
                      class="MuiFormControl-root MuiFormControl-fullWidth MuiTextField-root emotion-40"
                    >
                      <div
                        class="MuiInputBase-root MuiOutlinedInput-root MuiInputBase-colorPrimary MuiInputBase-fullWidth MuiInputBase-formControl emotion-41"
                      >
                        <input
                          aria-invalid="false"
                          class="MuiInputBase-input MuiOutlinedInput-input emotion-42"
                          data-testid="input-number-respiratory_rate"
                          id=":re:"
                          name="respiratory_rate"
                          placeholder="กรอกข้อมูล"
                          step="1"
                          type="text"
                          value=""
                        />
                        <fieldset
                          aria-hidden="true"
                          class="MuiOutlinedInput-notchedOutline emotion-43"
                        >
                          <legend
                            class="emotion-44"
                          >
                            <span
                              class="notranslate"
                            >
                              ​
                            </span>
                          </legend>
                        </fieldset>
                      </div>
                    </div>
                  </div>
                  <div
                    class="MuiStack-root emotion-45"
                  >
                    <span
                      class="MuiTypography-root MuiTypography-bodySmall emotion-46"
                    >
                      Bpm
                    </span>
                  </div>
                </div>
              </div>
            </div>
            <div
              class="MuiGrid-root MuiGrid-container emotion-31"
            >
              <div
                class="MuiGrid-root MuiGrid-item MuiGrid-grid-xs-7 emotion-32"
              >
                <div
                  class="MuiStack-root emotion-8"
                >
                  <span
                    class="MuiTypography-root MuiTypography-bodyBold emotion-34"
                  >
                    อุณหภูมิร่างกาย
                  </span>
                  <div
                    class="MuiBox-root emotion-107"
                  >
                    <div
                      class="MuiStack-root emotion-108"
                      data-mui-internal-clone-element="true"
                    >
                      <svg
                        aria-hidden="true"
                        class="MuiSvgIcon-root MuiSvgIcon-fontSizeMedium emotion-109"
                        data-testid="InfoOutlinedIcon"
                        focusable="false"
                        viewBox="0 0 24 24"
                      >
                        <path
                          d="M11 7h2v2h-2zm0 4h2v6h-2zm1-9C6.48 2 2 6.48 2 12s4.48 10 10 10 10-4.48 10-10S17.52 2 12 2m0 18c-4.41 0-8-3.59-8-8s3.59-8 8-8 8 3.59 8 8-3.59 8-8 8"
                        />
                      </svg>
                    </div>
                  </div>
                </div>
                <span
                  class="MuiTypography-root MuiTypography-bodySmall emotion-36"
                >
                  (Temperature)
                </span>
              </div>
              <div
                class="MuiGrid-root MuiGrid-item MuiGrid-grid-xs-5 emotion-37"
              >
                <div
                  class="MuiStack-root emotion-38"
                >
                  <div
                    class="MuiBox-root emotion-39"
                  >
                    <div
                      class="MuiFormControl-root MuiFormControl-fullWidth MuiTextField-root emotion-40"
                    >
                      <div
                        class="MuiInputBase-root MuiOutlinedInput-root MuiInputBase-colorPrimary MuiInputBase-fullWidth MuiInputBase-formControl emotion-41"
                      >
                        <input
                          aria-invalid="false"
                          class="MuiInputBase-input MuiOutlinedInput-input emotion-42"
                          data-testid="input-number-temperature"
                          id=":rg:"
                          name="temperature"
                          placeholder="กรอกข้อมูล"
                          step="1"
                          type="text"
                          value="38.00"
                        />
                        <fieldset
                          aria-hidden="true"
                          class="MuiOutlinedInput-notchedOutline emotion-43"
                        >
                          <legend
                            class="emotion-44"
                          >
                            <span
                              class="notranslate"
                            >
                              ​
                            </span>
                          </legend>
                        </fieldset>
                      </div>
                    </div>
                  </div>
                  <div
                    class="MuiStack-root emotion-45"
                  >
                    <span
                      class="MuiTypography-root MuiTypography-bodySmall emotion-46"
                    >
                      °C
                    </span>
                  </div>
                </div>
              </div>
            </div>
          </div>
        </div>
      </form>
    </div>
  </div>
</DocumentFragment>
`;
