// Jest Snapshot v1, https://goo.gl/fbAQLP

exports[`InterpretingModals should render correctly 1`] = `
<DocumentFragment>
  .emotion-0 {
  display: flex;
  -webkit-flex-direction: column;
  -ms-flex-direction: column;
  flex-direction: column;
  -webkit-align-items: center;
  -webkit-box-align: center;
  -ms-flex-align: center;
  align-items: center;
  color: #fff;
}

.emotion-1 {
  width: 100px;
  height: 100px;
}

.emotion-2 {
  margin: 0;
  font-size: 16px;
  font-weight: 700;
  line-height: 1.5;
  margin-top: 18px;
  white-space: pre-line;
}

.emotion-3 {
  display: inline-flex;
  -webkit-align-items: center;
  -webkit-box-align: center;
  -ms-flex-align: center;
  align-items: center;
  -webkit-box-pack: center;
  -ms-flex-pack: center;
  -webkit-justify-content: center;
  justify-content: center;
  position: relative;
  box-sizing: border-box;
  -webkit-tap-highlight-color: transparent;
  background-color: transparent;
  outline: 0;
  border: 2px solid #fff;
  margin: 0;
  border-radius: 4px;
  padding: 6px 8px;
  cursor: pointer;
  -webkit-user-select: none;
  -moz-user-select: none;
  -ms-user-select: none;
  user-select: none;
  vertical-align: middle;
  -moz-appearance: none;
  -webkit-appearance: none;
  -webkit-text-decoration: none;
  text-decoration: none;
  color: #fff;
  font-family: fontFamily;
  font-weight: 600;
  font-size: 12px;
  line-height: 1.5;
  text-transform: uppercase;
  min-width: 64px;
  -webkit-transition: background-color 250ms cubic-bezier(0.4, 0, 0.2, 1) 0ms,box-shadow 250ms cubic-bezier(0.4, 0, 0.2, 1) 0ms,border-color 250ms cubic-bezier(0.4, 0, 0.2, 1) 0ms,color 250ms cubic-bezier(0.4, 0, 0.2, 1) 0ms;
  transition: background-color 250ms cubic-bezier(0.4, 0, 0.2, 1) 0ms,box-shadow 250ms cubic-bezier(0.4, 0, 0.2, 1) 0ms,border-color 250ms cubic-bezier(0.4, 0, 0.2, 1) 0ms,color 250ms cubic-bezier(0.4, 0, 0.2, 1) 0ms;
  width: 150px;
  height: 46px;
  margin-top: 36px;
}

.emotion-3::-moz-focus-inner {
  border-style: none;
}

.emotion-3.Mui-disabled {
  pointer-events: none;
  cursor: default;
}

@media print {
  .emotion-3 {
    -webkit-print-color-adjust: exact;
    color-adjust: exact;
  }
}

.emotion-3:hover {
  -webkit-text-decoration: none;
  text-decoration: none;
  background-color: rgba(33, 150, 243, 0.04);
}

@media (hover: none) {
  .emotion-3:hover {
    background-color: transparent;
  }
}

.emotion-3.Mui-disabled {
  color: rgba(0, 0, 0, 0.26);
}

.emotion-4 {
  overflow: hidden;
  pointer-events: none;
  position: absolute;
  z-index: 0;
  top: 0;
  right: 0;
  bottom: 0;
  left: 0;
  border-radius: inherit;
}

<div
    class="MuiStack-root emotion-0"
  >
    <img
      alt=""
      class="emotion-1"
      data-testid="interpret-image-pending"
      src="/img.jpg"
    />
    <p
      class="MuiTypography-root MuiTypography-bodyBold emotion-2"
    >
      กำลังประมวลผล
    </p>
    <button
      class="MuiButtonBase-root MuiButton-root MuiButton-text MuiButton-textPrimary MuiButton-sizeMedium MuiButton-textSizeMedium MuiButton-colorPrimary MuiButton-root MuiButton-text MuiButton-textPrimary MuiButton-sizeMedium MuiButton-textSizeMedium MuiButton-colorPrimary emotion-3"
      data-testid="modal-ok-button"
      tabindex="0"
      type="button"
    >
      ยกเลิก
      <span
        class="MuiTouchRipple-root emotion-4"
      />
    </button>
  </div>
</DocumentFragment>
`;
