// Jest Snapshot v1, https://goo.gl/fbAQLP

exports[`LoginModule to match snap 1`] = `
<DocumentFragment>
  <div
    class="MuiStack-root css-19hqra5-MuiStack-root"
  >
    <div
      class="MuiStack-root css-tvwe8b-MuiStack-root"
    >
      <img
        alt=""
        data-nimg="1"
        decoding="async"
        height="40"
        loading="lazy"
        src="/_next/image?url=%2Fimg.jpg&w=96&q=75"
        srcset="/_next/image?url=%2Fimg.jpg&w=48&q=75 1x, /_next/image?url=%2Fimg.jpg&w=96&q=75 2x"
        style="color: transparent; position: absolute; z-index: -1; width: 100%; height: 100%; object-fit: cover;"
        width="40"
      />
      <img
        alt=""
        data-nimg="1"
        decoding="async"
        height="40"
        loading="lazy"
        src="/_next/image?url=%2Fimg.jpg&w=96&q=75"
        srcset="/_next/image?url=%2Fimg.jpg&w=48&q=75 1x, /_next/image?url=%2Fimg.jpg&w=96&q=75 2x"
        style="color: transparent; margin: 40vh auto 0px;"
        width="40"
      />
      <img
        alt=""
        data-nimg="1"
        decoding="async"
        height="40"
        loading="lazy"
        src="/_next/image?url=%2Fimg.jpg&w=96&q=75"
        srcset="/_next/image?url=%2Fimg.jpg&w=48&q=75 1x, /_next/image?url=%2Fimg.jpg&w=96&q=75 2x"
        style="color: transparent; margin: auto auto 3rem;"
        width="40"
      />
    </div>
    <div
      class="MuiStack-root css-1coyx4v-MuiStack-root"
    >
      <div
        class="MuiStack-root css-1bi8i7x-MuiStack-root"
      >
        <div
          class="MuiStack-root css-nen11g-MuiStack-root"
        >
          <h2
            class="MuiTypography-root MuiTypography-headlineSmallSemiBold css-eyjvzl-MuiTypography-root"
          >
            เข้าสู่ระบบ
          </h2>
          <h2
            class="MuiTypography-root MuiTypography-headlineLargeSemiBold css-10hprht-MuiTypography-root"
          >
            Cariva Playground
          </h2>
          <form>
            <div
              class="MuiStack-root css-x6fbp7-MuiStack-root"
            >
              <div
                class="MuiFormControl-root MuiFormControl-fullWidth MuiTextField-root css-8qddx0-MuiFormControl-root-MuiTextField-root"
              >
                <div
                  class="MuiInputBase-root MuiOutlinedInput-root MuiInputBase-colorPrimary MuiInputBase-fullWidth MuiInputBase-formControl css-249s3f-MuiInputBase-root-MuiOutlinedInput-root"
                >
                  <input
                    aria-invalid="false"
                    class="MuiInputBase-input MuiOutlinedInput-input css-1t8l2tu-MuiInputBase-input-MuiOutlinedInput-input"
                    id="email"
                    name="email"
                    placeholder="อีเมล"
                    type="text"
                    value=""
                  />
                  <fieldset
                    aria-hidden="true"
                    class="MuiOutlinedInput-notchedOutline css-1d3z3hw-MuiOutlinedInput-notchedOutline"
                  >
                    <legend
                      class="css-ihdtdm"
                    >
                      <span
                        class="notranslate"
                      >
                        ​
                      </span>
                    </legend>
                  </fieldset>
                </div>
              </div>
              <span
                class="MuiTypography-root MuiTypography-bodyLarge css-1ape98t-MuiTypography-root"
                data-testid="error"
              />
            </div>
            <div
              class="MuiStack-root css-x6fbp7-MuiStack-root"
            >
              <div
                class="MuiFormControl-root MuiFormControl-fullWidth MuiTextField-root css-nz95qv-MuiFormControl-root-MuiTextField-root"
              >
                <div
                  class="MuiInputBase-root MuiOutlinedInput-root MuiInputBase-colorPrimary MuiInputBase-fullWidth MuiInputBase-formControl MuiInputBase-adornedEnd css-1qnkz60-MuiInputBase-root-MuiOutlinedInput-root"
                >
                  <input
                    aria-invalid="false"
                    autocomplete="password"
                    class="MuiInputBase-input MuiOutlinedInput-input MuiInputBase-inputAdornedEnd css-nxo287-MuiInputBase-input-MuiOutlinedInput-input"
                    id="password"
                    name="password"
                    placeholder="รหัสผ่าน"
                    type="password"
                    value=""
                  />
                  <a>
                    <button
                      aria-label="Toggle show password"
                      class="MuiButtonBase-root MuiIconButton-root MuiIconButton-sizeMedium css-78trlr-MuiButtonBase-root-MuiIconButton-root"
                      data-testid="button-toggle-show-password"
                      tabindex="0"
                      type="button"
                    >
                      <svg
                        aria-hidden="true"
                        aria-label="Hiding password"
                        class="MuiSvgIcon-root MuiSvgIcon-fontSizeMedium css-i4bv87-MuiSvgIcon-root"
                        data-testid="VisibilityOffIcon"
                        focusable="false"
                        viewBox="0 0 24 24"
                      >
                        <path
                          d="M12 7c2.76 0 5 2.24 5 5 0 .65-.13 1.26-.36 1.83l2.92 2.92c1.51-1.26 2.7-2.89 3.43-4.75-1.73-4.39-6-7.5-11-7.5-1.4 0-2.74.25-3.98.7l2.16 2.16C10.74 7.13 11.35 7 12 7M2 4.27l2.28 2.28.46.46C3.08 8.3 1.78 10.02 1 12c1.73 4.39 6 7.5 11 7.5 1.55 0 3.03-.3 4.38-.84l.42.42L19.73 22 21 20.73 3.27 3zM7.53 9.8l1.55 1.55c-.05.21-.08.43-.08.65 0 1.66 1.34 3 3 3 .22 0 .44-.03.65-.08l1.55 1.55c-.67.33-1.41.53-2.2.53-2.76 0-5-2.24-5-5 0-.79.2-1.53.53-2.2m4.31-.78 3.15 3.15.02-.16c0-1.66-1.34-3-3-3z"
                        />
                      </svg>
                      <span
                        class="MuiTouchRipple-root css-8je8zh-MuiTouchRipple-root"
                      />
                    </button>
                  </a>
                  <fieldset
                    aria-hidden="true"
                    class="MuiOutlinedInput-notchedOutline css-1d3z3hw-MuiOutlinedInput-notchedOutline"
                  >
                    <legend
                      class="css-ihdtdm"
                    >
                      <span
                        class="notranslate"
                      >
                        ​
                      </span>
                    </legend>
                  </fieldset>
                </div>
              </div>
              <span
                class="MuiTypography-root MuiTypography-bodyLarge css-1ape98t-MuiTypography-root"
                data-testid="error"
              />
            </div>
            <span
              class="MuiTypography-root MuiTypography-bodyLarge css-1ape98t-MuiTypography-root"
            />
            <button
              class="MuiButtonBase-root MuiButton-root MuiButton-text MuiButton-textPrimary MuiButton-sizeMedium MuiButton-textSizeMedium MuiButton-colorPrimary Mui-disabled MuiButton-root MuiButton-text MuiButton-textPrimary MuiButton-sizeMedium MuiButton-textSizeMedium MuiButton-colorPrimary css-hgkxr1-MuiButtonBase-root-MuiButton-root"
              data-testid="button-login"
              disabled=""
              tabindex="-1"
              type="submit"
            >
              <span
                class="MuiTypography-root MuiTypography-labelExtraLargeSemiBold css-2pslf3-MuiTypography-root"
              >
                เข้าสู่ระบบ
              </span>
            </button>
          </form>
          <h3
            class="MuiTypography-root MuiTypography-titleSmallSemiBold css-1mh7n3j-MuiTypography-root"
          >
            ลืมรหัสผ่าน
          </h3>
        </div>
      </div>
    </div>
  </div>
</DocumentFragment>
`;
