// Jest Snapshot v1, https://goo.gl/fbAQLP

exports[`AiInterpretLabResult should render correctly 1`] = `
<DocumentFragment>
  .emotion-0 {
  display: flex;
  -webkit-flex-direction: column;
  -ms-flex-direction: column;
  flex-direction: column;
  border: 1px solid #eceff1;
  border-radius: 8px;
  overflow: hidden;
}

.emotion-0 .MuiButton-root {
  font-size: 12px;
  font-weight: 600;
  color: #FFFFFF;
  background-color: #212121;
}

.emotion-0 .MuiButton-root:hover {
  background-color: #212121;
}

.emotion-0 .MuiButton-endIcon {
  padding-left: 8px;
}

.emotion-1 {
  position: absolute;
}

.emotion-2 {
  display: flex;
  -webkit-flex-direction: row;
  -ms-flex-direction: row;
  flex-direction: row;
  padding: 24px 12px 12px 40px;
  -webkit-box-pack: justify;
  -webkit-justify-content: space-between;
  justify-content: space-between;
  background-color: #FAFAFA;
}

.emotion-3 {
  display: flex;
  -webkit-flex-direction: row;
  -ms-flex-direction: row;
  flex-direction: row;
}

.emotion-4 {
  margin: 0;
  font-size: 18px;
  font-weight: 700;
  line-height: 24px;
}

.emotion-5 {
  display: inline-flex;
  -webkit-align-items: center;
  -webkit-box-align: center;
  -ms-flex-align: center;
  align-items: center;
  -webkit-box-pack: center;
  -ms-flex-pack: center;
  -webkit-justify-content: center;
  justify-content: center;
  position: relative;
  box-sizing: border-box;
  -webkit-tap-highlight-color: transparent;
  background-color: transparent;
  outline: 0;
  border: 0;
  margin: 0;
  border-radius: 8px;
  padding: 8px 14px;
  cursor: pointer;
  -webkit-user-select: none;
  -moz-user-select: none;
  -ms-user-select: none;
  user-select: none;
  vertical-align: middle;
  -moz-appearance: none;
  -webkit-appearance: none;
  -webkit-text-decoration: none;
  text-decoration: none;
  color: #2196F3;
  font-family: fontFamily;
  font-weight: 700;
  font-size: 12px;
  line-height: 1.5;
  text-transform: uppercase;
  min-width: 64px;
  -webkit-transition: background-color 250ms cubic-bezier(0.4, 0, 0.2, 1) 0ms,box-shadow 250ms cubic-bezier(0.4, 0, 0.2, 1) 0ms,border-color 250ms cubic-bezier(0.4, 0, 0.2, 1) 0ms,color 250ms cubic-bezier(0.4, 0, 0.2, 1) 0ms;
  transition: background-color 250ms cubic-bezier(0.4, 0, 0.2, 1) 0ms,box-shadow 250ms cubic-bezier(0.4, 0, 0.2, 1) 0ms,border-color 250ms cubic-bezier(0.4, 0, 0.2, 1) 0ms,color 250ms cubic-bezier(0.4, 0, 0.2, 1) 0ms;
  box-shadow: 0px 4px 6px -1px #21212133,0px 2px 4px -2px #21212133;
}

.emotion-5::-moz-focus-inner {
  border-style: none;
}

.emotion-5.Mui-disabled {
  pointer-events: none;
  cursor: default;
}

@media print {
  .emotion-5 {
    -webkit-print-color-adjust: exact;
    color-adjust: exact;
  }
}

.emotion-5:hover {
  -webkit-text-decoration: none;
  text-decoration: none;
  background-color: rgba(33, 150, 243, 0.04);
}

@media (hover: none) {
  .emotion-5:hover {
    background-color: transparent;
  }
}

.emotion-5.Mui-disabled {
  color: rgba(0, 0, 0, 0.26);
}

.emotion-5 svg {
  width: 16px;
  height: 16px;
}

.emotion-6 {
  display: inherit;
  margin-right: -4px;
  margin-left: 8px;
}

.emotion-6>*:nth-of-type(1) {
  font-size: 20px;
}

.emotion-7 {
  overflow: hidden;
  pointer-events: none;
  position: absolute;
  z-index: 0;
  top: 0;
  right: 0;
  bottom: 0;
  left: 0;
  border-radius: inherit;
}

.emotion-8 {
  height: 0;
  overflow: hidden;
  -webkit-transition: height 300ms cubic-bezier(0.4, 0, 0.2, 1) 0ms;
  transition: height 300ms cubic-bezier(0.4, 0, 0.2, 1) 0ms;
  visibility: hidden;
}

.emotion-9 {
  display: flex;
  width: 100%;
}

.emotion-10 {
  width: 100%;
}

.emotion-11 {
  display: flex;
  -webkit-flex-direction: column;
  -ms-flex-direction: column;
  flex-direction: column;
  padding: 12px 24px;
}

.emotion-11>:not(style):not(style) {
  margin: 0;
}

.emotion-11>:not(style)~:not(style) {
  margin-top: 16px;
}

.emotion-12 {
  display: flex;
  -webkit-flex-direction: row;
  -ms-flex-direction: row;
  flex-direction: row;
  -webkit-box-pack: justify;
  -webkit-justify-content: space-between;
  justify-content: space-between;
}

.emotion-13 {
  display: flex;
  -webkit-flex-direction: column;
  -ms-flex-direction: column;
  flex-direction: column;
  width: 100%;
}

.emotion-13>:not(style):not(style) {
  margin: 0;
}

.emotion-13>:not(style)~:not(style) {
  margin-top: 8px;
}

.emotion-14 {
  margin: 0;
  font-size: 16px;
  font-weight: 700;
  line-height: 1.5;
}

.emotion-15 {
  display: flex;
  -webkit-flex-direction: column;
  -ms-flex-direction: column;
  flex-direction: column;
  width: 25%;
}

.emotion-16 {
  margin: 0;
  font-size: 16px;
  font-weight: 700;
  line-height: 1.5;
  text-align: end;
}

.emotion-17 {
  margin: 0;
  font-size: 14px;
  line-height: 1.5;
  text-align: end;
}

<div
    class="MuiStack-root emotion-0"
  >
    <svg
      class="emotion-1"
    />
    <div
      class="MuiStack-root emotion-2"
    >
      <div
        class="MuiStack-root emotion-3"
      >
        <p
          class="MuiTypography-root MuiTypography-titleBold emotion-4"
          data-testid="lab-title-lipidProfile"
        >
          ระดับไขมันในเลือด
        </p>
      </div>
      <button
        class="MuiButtonBase-root MuiButton-root MuiButton-text MuiButton-textPrimary MuiButton-sizeMedium MuiButton-textSizeMedium MuiButton-colorPrimary MuiButton-root MuiButton-text MuiButton-textPrimary MuiButton-sizeMedium MuiButton-textSizeMedium MuiButton-colorPrimary emotion-5"
        data-testid="lab-lipidProfile-button-collapse"
        tabindex="0"
        type="button"
      >
        ดูผล
        <span
          class="MuiButton-icon MuiButton-endIcon MuiButton-iconSizeMedium emotion-6"
        >
          <svg />
        </span>
        <span
          class="MuiTouchRipple-root emotion-7"
        />
      </button>
    </div>
    <div
      class="MuiCollapse-root MuiCollapse-vertical MuiCollapse-hidden emotion-8"
      style="min-height: 0px;"
    >
      <div
        class="MuiCollapse-wrapper MuiCollapse-vertical emotion-9"
      >
        <div
          class="MuiCollapse-wrapperInner MuiCollapse-vertical emotion-10"
        >
          <div
            class="MuiStack-root emotion-11"
          >
            <div
              class="MuiStack-root emotion-12"
            >
              <div
                class="MuiStack-root emotion-13"
              >
                <p
                  class="MuiTypography-root MuiTypography-bodyBold emotion-14"
                  data-testid="lab-lipidProfile-cholesterol_value-label"
                >
                  Cholesterol
                </p>
              </div>
              <div
                class="MuiStack-root emotion-15"
              >
                <p
                  class="MuiTypography-root MuiTypography-bodyBold emotion-16"
                  data-testid="lab-lipidProfile-cholesterol_value-value"
                >
                  208 (mg/dL)
                </p>
                <p
                  class="MuiTypography-root MuiTypography-bodySmall emotion-17"
                  data-testid="lab-lipidProfile-cholesterol_value-unit"
                >
                  (- mg/dL)
                </p>
              </div>
            </div>
          </div>
        </div>
      </div>
    </div>
  </div>
</DocumentFragment>
`;
