// Jest Snapshot v1, https://goo.gl/fbAQLP

exports[`AiInterpretResult should render correctly 1`] = `
<DocumentFragment>
  .emotion-0 {
  display: -webkit-box;
  display: -webkit-flex;
  display: -ms-flexbox;
  display: flex;
  -webkit-flex-direction: column;
  -ms-flex-direction: column;
  flex-direction: column;
  height: 100%;
  width: 100%;
  padding: 24px;
}

.emotion-1 {
  display: -webkit-box;
  display: -webkit-flex;
  display: -ms-flexbox;
  display: flex;
  -webkit-flex-direction: column;
  -ms-flex-direction: column;
  flex-direction: column;
  max-width: 1080px;
  margin: auto;
  padding: 24px 30px;
  border-radius: 16px;
  overflow-y: auto;
  background-color: #fff;
}

.emotion-1 .MuiButton-root {
  width: -webkit-fit-content;
  width: -moz-fit-content;
  width: fit-content;
  height: 40px;
  padding: 10px 16px;
  -webkit-align-items: center;
  -webkit-box-align: center;
  -ms-flex-align: center;
  align-items: center;
  border-radius: 8px;
  border: 1px solid #CFD8DC;
  font-size: 12px;
  font-weight: 700;
  color: #212121;
}

.emotion-1>.MuiButton-startIcon {
  margin-right: 8px;
}

.emotion-2 {
  display: -webkit-box;
  display: -webkit-flex;
  display: -ms-flexbox;
  display: flex;
  -webkit-flex-direction: row;
  -ms-flex-direction: row;
  flex-direction: row;
  -webkit-box-pack: justify;
  -webkit-justify-content: space-between;
  justify-content: space-between;
}

.emotion-3 {
  display: -webkit-inline-box;
  display: -webkit-inline-flex;
  display: -ms-inline-flexbox;
  display: inline-flex;
  -webkit-align-items: center;
  -webkit-box-align: center;
  -ms-flex-align: center;
  align-items: center;
  -webkit-box-pack: center;
  -ms-flex-pack: center;
  -webkit-justify-content: center;
  justify-content: center;
  position: relative;
  box-sizing: border-box;
  -webkit-tap-highlight-color: transparent;
  background-color: transparent;
  outline: 0;
  border: 0;
  margin: 0;
  border-radius: 0;
  padding: 0;
  cursor: pointer;
  -webkit-user-select: none;
  -moz-user-select: none;
  -ms-user-select: none;
  user-select: none;
  vertical-align: middle;
  -moz-appearance: none;
  -webkit-appearance: none;
  -webkit-text-decoration: none;
  text-decoration: none;
  color: inherit;
  font-family: NotoSansThai-Regular,sans-serif;
  font-weight: 500;
  font-size: 0.875rem;
  line-height: 1.75;
  text-transform: uppercase;
  min-width: 64px;
  padding: 6px 8px;
  border-radius: 8px;
  -webkit-transition: background-color 250ms cubic-bezier(0.4, 0, 0.2, 1) 0ms,box-shadow 250ms cubic-bezier(0.4, 0, 0.2, 1) 0ms,border-color 250ms cubic-bezier(0.4, 0, 0.2, 1) 0ms,color 250ms cubic-bezier(0.4, 0, 0.2, 1) 0ms;
  transition: background-color 250ms cubic-bezier(0.4, 0, 0.2, 1) 0ms,box-shadow 250ms cubic-bezier(0.4, 0, 0.2, 1) 0ms,border-color 250ms cubic-bezier(0.4, 0, 0.2, 1) 0ms,color 250ms cubic-bezier(0.4, 0, 0.2, 1) 0ms;
  color: #1976d2;
}

.emotion-3::-moz-focus-inner {
  border-style: none;
}

.emotion-3.Mui-disabled {
  pointer-events: none;
  cursor: default;
}

@media print {
  .emotion-3 {
    -webkit-print-color-adjust: exact;
    color-adjust: exact;
  }
}

.emotion-3:hover {
  -webkit-text-decoration: none;
  text-decoration: none;
  background-color: rgba(25, 118, 210, 0.04);
}

@media (hover: none) {
  .emotion-3:hover {
    background-color: transparent;
  }
}

.emotion-3.Mui-disabled {
  color: rgba(0, 0, 0, 0.26);
}

.emotion-4 {
  display: inherit;
  margin-right: 8px;
  margin-left: -4px;
}

.emotion-4>*:nth-of-type(1) {
  font-size: 20px;
}

.emotion-5 {
  overflow: hidden;
  pointer-events: none;
  position: absolute;
  z-index: 0;
  top: 0;
  right: 0;
  bottom: 0;
  left: 0;
  border-radius: inherit;
}

.emotion-9 {
  margin: 0;
  -webkit-flex-shrink: 0;
  -ms-flex-negative: 0;
  flex-shrink: 0;
  border-width: 0;
  border-style: solid;
  border-color: rgba(0, 0, 0, 0.12);
  border-bottom-width: thin;
  margin: 8px 0px;
}

.emotion-10 {
  display: -webkit-box;
  display: -webkit-flex;
  display: -ms-flexbox;
  display: flex;
  -webkit-flex-direction: column;
  -ms-flex-direction: column;
  flex-direction: column;
  padding: 16px 0px;
}

.emotion-10>:not(style):not(style) {
  margin: 0;
}

.emotion-10>:not(style)~:not(style) {
  margin-top: 16px;
}

.emotion-11 {
  display: -webkit-box;
  display: -webkit-flex;
  display: -ms-flexbox;
  display: flex;
  -webkit-flex-direction: column;
  -ms-flex-direction: column;
  flex-direction: column;
  -webkit-box-pack: center;
  -ms-flex-pack: center;
  -webkit-justify-content: center;
  justify-content: center;
  -webkit-align-items: center;
  -webkit-box-align: center;
  -ms-flex-align: center;
  align-items: center;
  padding: 2px;
  border-radius: 24px;
}

.emotion-12 {
  display: -webkit-box;
  display: -webkit-flex;
  display: -ms-flexbox;
  display: flex;
  -webkit-flex-direction: column;
  -ms-flex-direction: column;
  flex-direction: column;
  width: 100%;
  -webkit-box-pack: start;
  -ms-flex-pack: start;
  -webkit-justify-content: start;
  justify-content: start;
  border-radius: 22px;
  background: #fff;
}

.emotion-13 {
  display: -webkit-box;
  display: -webkit-flex;
  display: -ms-flexbox;
  display: flex;
  -webkit-flex-direction: column;
  -ms-flex-direction: column;
  flex-direction: column;
  padding: 24px;
}

.emotion-13>:not(style):not(style) {
  margin: 0;
}

.emotion-13>:not(style)~:not(style) {
  margin-top: 8px;
}

.emotion-15 {
  margin: 0;
  font-weight: 500;
  line-height: 16px;
  letter-spacing: 0.5px;
  font-size: 12px;
  font-family: NotoSansThai-Medium,sans-serif;
  font-weight: 600;
}

.emotion-16 {
  display: -webkit-box;
  display: -webkit-flex;
  display: -ms-flexbox;
  display: flex;
  -webkit-flex-direction: row;
  -ms-flex-direction: row;
  flex-direction: row;
}

.emotion-16>:not(style):not(style) {
  margin: 0;
}

.emotion-16>:not(style)~:not(style) {
  margin-left: 4px;
}

.emotion-17 {
  margin: 0;
  font-weight: 400;
  line-height: 16px;
  letter-spacing: 0.4px;
  font-size: 12px;
  font-family: NotoSansThai-Regular,sans-serif;
}

.emotion-19 {
  margin: 0;
  font-weight: 500;
  line-height: 28px;
  letter-spacing: 0;
  font-size: 20px;
  font-family: NotoSansThai-SemiBold,sans-serif;
  font-weight: 700;
  color: #212121;
}

.emotion-20 {
  display: -webkit-box;
  display: -webkit-flex;
  display: -ms-flexbox;
  display: flex;
  -webkit-flex-direction: row;
  -ms-flex-direction: row;
  flex-direction: row;
}

.emotion-20>:not(style):not(style) {
  margin: 0;
}

.emotion-20>:not(style)~:not(style) {
  margin-left: 8px;
}

.emotion-21 {
  padding: 4px 8px;
  background: #ECEFF1;
  border-radius: 4px;
}

.emotion-22 {
  margin: 0;
  font-weight: 500;
  line-height: 20px;
  letter-spacing: 0.1px;
  font-size: 14px;
  font-family: NotoSansThai-SemiBold,sans-serif;
}

.emotion-25 {
  display: -webkit-box;
  display: -webkit-flex;
  display: -ms-flexbox;
  display: flex;
  -webkit-flex-direction: column;
  -ms-flex-direction: column;
  flex-direction: column;
  padding: 16px 0px 0px 0px;
}

.emotion-26 {
  padding: 1px 0px;
  margin: 0px 0px -18px 0px;
  background-image: linear-gradient(to right, #CFD8DC 50%, #ffffff 0%);
  -webkit-background-position: top;
  background-position: top;
  -webkit-background-size: 10px 1px;
  background-size: 10px 1px;
  background-repeat: repeat-x;
}

.emotion-27 {
  display: -webkit-box;
  display: -webkit-flex;
  display: -ms-flexbox;
  display: flex;
  -webkit-flex-direction: row;
  -ms-flex-direction: row;
  flex-direction: row;
  padding: 8px 16px;
  -webkit-align-items: center;
  -webkit-box-align: center;
  -ms-flex-align: center;
  align-items: center;
  -webkit-align-self: center;
  -ms-flex-item-align: center;
  align-self: center;
  border-radius: 32px;
}

.emotion-27>:not(style):not(style) {
  margin: 0;
}

.emotion-27>:not(style)~:not(style) {
  margin-left: 6px;
}

.emotion-28 {
  margin: 0;
  font-weight: 500;
  line-height: 16px;
  letter-spacing: 0.5px;
  font-size: 12px;
  font-family: NotoSansThai-Medium,sans-serif;
  font-weight: 700;
  color: #fff;
}

.emotion-29 {
  display: -webkit-box;
  display: -webkit-flex;
  display: -ms-flexbox;
  display: flex;
  -webkit-flex-direction: column;
  -ms-flex-direction: column;
  flex-direction: column;
  padding: 24px;
}

.emotion-29>:not(style):not(style) {
  margin: 0;
}

.emotion-29>:not(style)~:not(style) {
  margin-top: 24px;
}

.emotion-30 {
  display: -webkit-box;
  display: -webkit-flex;
  display: -ms-flexbox;
  display: flex;
  -webkit-flex-direction: column;
  -ms-flex-direction: column;
  flex-direction: column;
}

.emotion-30>:not(style):not(style) {
  margin: 0;
}

.emotion-30>:not(style)~:not(style) {
  margin-top: 16px;
}

.emotion-31 {
  margin: 0;
  font-weight: 500;
  line-height: 24px;
  letter-spacing: 0.1px;
  font-size: 16px;
  font-family: NotoSansThai-SemiBold,sans-serif;
  font-weight: 600;
}

.emotion-32 {
  font-size: 16px;
  white-space: normal;
  color: #212121;
}

.emotion-36 {
  display: -webkit-box;
  display: -webkit-flex;
  display: -ms-flexbox;
  display: flex;
  -webkit-flex-direction: column;
  -ms-flex-direction: column;
  flex-direction: column;
  color: #212121;
  border: 1px solid #ECEFF1;
  border-radius: 8px;
  overflow: hidden;
}

.emotion-37 {
  display: -webkit-box;
  display: -webkit-flex;
  display: -ms-flexbox;
  display: flex;
  -webkit-flex-direction: column;
  -ms-flex-direction: column;
  flex-direction: column;
  padding: 24px 24px 12px 24px;
  background-color: #FAFAFA;
}

.emotion-38 {
  margin: 0;
  font-weight: 600;
  line-height: 24px;
  letter-spacing: 0.15px;
  font-size: 16px;
  font-family: NotoSansThai-SemiBold,sans-serif;
  font-size: 18px;
  font-weight: 700;
}

.emotion-39 {
  display: -webkit-box;
  display: -webkit-flex;
  display: -ms-flexbox;
  display: flex;
  -webkit-flex-direction: row;
  -ms-flex-direction: row;
  flex-direction: row;
  -webkit-box-pack: justify;
  -webkit-justify-content: space-between;
  justify-content: space-between;
  padding: 12px 24px 24px;
}

.emotion-40 {
  margin: 0;
  font-weight: 600;
  line-height: 24px;
  letter-spacing: 0.15px;
  font-size: 16px;
  font-family: NotoSansThai-SemiBold,sans-serif;
  font-weight: 700;
}

.emotion-41 {
  display: -webkit-box;
  display: -webkit-flex;
  display: -ms-flexbox;
  display: flex;
  -webkit-flex-direction: row;
  -ms-flex-direction: row;
  flex-direction: row;
}

.emotion-41>:not(style):not(style) {
  margin: 0;
}

.emotion-41>:not(style)~:not(style) {
  margin-left: 36px;
}

.emotion-42 {
  margin: 0;
  font-weight: 400;
  line-height: 20px;
  letter-spacing: 0.25px;
  font-size: 14px;
  font-family: NotoSansThai-Regular,sans-serif;
}

.emotion-43 {
  margin: 0;
  font-weight: 400;
  line-height: 20px;
  letter-spacing: 0.25px;
  font-size: 14px;
  font-family: NotoSansThai-Regular,sans-serif;
  width: 60px;
  color: #607D8B;
}

.emotion-64 {
  display: -webkit-box;
  display: -webkit-flex;
  display: -ms-flexbox;
  display: flex;
  -webkit-flex-direction: column;
  -ms-flex-direction: column;
  flex-direction: column;
  color: #212121;
  border: 1px solid #ECEFF1;
  border-radius: 8px;
  overflow: hidden;
}

.emotion-64 .MuiButton-root {
  font-size: 12px;
  font-weight: 600;
  color: #ffffff;
  background-color: #212121;
}

.emotion-64 .MuiButton-endIcon {
  padding-left: 8px;
}

.emotion-64 .MuiButton-root:hover {
  background-color: #212121;
}

.emotion-65 {
  position: absolute;
}

.emotion-66 {
  display: -webkit-box;
  display: -webkit-flex;
  display: -ms-flexbox;
  display: flex;
  -webkit-flex-direction: row;
  -ms-flex-direction: row;
  flex-direction: row;
  padding: 24px 12px 12px 40px;
  -webkit-box-pack: justify;
  -webkit-justify-content: space-between;
  justify-content: space-between;
  background-color: #FAFAFA;
}

.emotion-67 {
  display: -webkit-box;
  display: -webkit-flex;
  display: -ms-flexbox;
  display: flex;
  -webkit-flex-direction: row;
  -ms-flex-direction: row;
  flex-direction: row;
}

.emotion-69 {
  display: -webkit-inline-box;
  display: -webkit-inline-flex;
  display: -ms-inline-flexbox;
  display: inline-flex;
  -webkit-align-items: center;
  -webkit-box-align: center;
  -ms-flex-align: center;
  align-items: center;
  -webkit-box-pack: center;
  -ms-flex-pack: center;
  -webkit-justify-content: center;
  justify-content: center;
  position: relative;
  box-sizing: border-box;
  -webkit-tap-highlight-color: transparent;
  background-color: transparent;
  outline: 0;
  border: 0;
  margin: 0;
  border-radius: 0;
  padding: 0;
  cursor: pointer;
  -webkit-user-select: none;
  -moz-user-select: none;
  -ms-user-select: none;
  user-select: none;
  vertical-align: middle;
  -moz-appearance: none;
  -webkit-appearance: none;
  -webkit-text-decoration: none;
  text-decoration: none;
  color: inherit;
  font-family: NotoSansThai-Regular,sans-serif;
  font-weight: 500;
  font-size: 0.875rem;
  line-height: 1.75;
  text-transform: uppercase;
  min-width: 64px;
  padding: 6px 8px;
  border-radius: 8px;
  -webkit-transition: background-color 250ms cubic-bezier(0.4, 0, 0.2, 1) 0ms,box-shadow 250ms cubic-bezier(0.4, 0, 0.2, 1) 0ms,border-color 250ms cubic-bezier(0.4, 0, 0.2, 1) 0ms,color 250ms cubic-bezier(0.4, 0, 0.2, 1) 0ms;
  transition: background-color 250ms cubic-bezier(0.4, 0, 0.2, 1) 0ms,box-shadow 250ms cubic-bezier(0.4, 0, 0.2, 1) 0ms,border-color 250ms cubic-bezier(0.4, 0, 0.2, 1) 0ms,color 250ms cubic-bezier(0.4, 0, 0.2, 1) 0ms;
  color: #1976d2;
  padding: 8px 14px;
  border-radius: 8px;
  box-shadow: 0px 4px 6px -1px #21212133,0px 2px 4px -2px #21212133;
}

.emotion-69::-moz-focus-inner {
  border-style: none;
}

.emotion-69.Mui-disabled {
  pointer-events: none;
  cursor: default;
}

@media print {
  .emotion-69 {
    -webkit-print-color-adjust: exact;
    color-adjust: exact;
  }
}

.emotion-69:hover {
  -webkit-text-decoration: none;
  text-decoration: none;
  background-color: rgba(25, 118, 210, 0.04);
}

@media (hover: none) {
  .emotion-69:hover {
    background-color: transparent;
  }
}

.emotion-69.Mui-disabled {
  color: rgba(0, 0, 0, 0.26);
}

.emotion-70 {
  display: inherit;
  margin-right: -4px;
  margin-left: 8px;
}

.emotion-70>*:nth-of-type(1) {
  font-size: 20px;
}

.emotion-72 {
  height: 0;
  overflow: hidden;
  -webkit-transition: height 300ms cubic-bezier(0.4, 0, 0.2, 1) 0ms;
  transition: height 300ms cubic-bezier(0.4, 0, 0.2, 1) 0ms;
  visibility: hidden;
}

.emotion-73 {
  display: -webkit-box;
  display: -webkit-flex;
  display: -ms-flexbox;
  display: flex;
  width: 100%;
}

.emotion-74 {
  width: 100%;
}

.emotion-75 {
  display: -webkit-box;
  display: -webkit-flex;
  display: -ms-flexbox;
  display: flex;
  -webkit-flex-direction: column;
  -ms-flex-direction: column;
  flex-direction: column;
  padding: 12px 24px;
}

.emotion-75>:not(style):not(style) {
  margin: 0;
}

.emotion-75>:not(style)~:not(style) {
  margin-top: 16px;
}

.emotion-78 {
  margin: 0;
  font-weight: 600;
  line-height: 24px;
  letter-spacing: 0.15px;
  font-size: 16px;
  font-family: NotoSansThai-SemiBold,sans-serif;
  font-weight: 700;
  font-size: 18px;
}

.emotion-80 {
  display: -webkit-box;
  display: -webkit-flex;
  display: -ms-flexbox;
  display: flex;
  -webkit-flex-direction: column;
  -ms-flex-direction: column;
  flex-direction: column;
  width: 100%;
}

.emotion-80>:not(style):not(style) {
  margin: 0;
}

.emotion-80>:not(style)~:not(style) {
  margin-top: 8px;
}

.emotion-81 {
  margin: 0;
  font-weight: 500;
  line-height: 24px;
  letter-spacing: 0.15px;
  font-size: 16px;
  font-family: NotoSansThai-Medium,sans-serif;
  font-size: 16px;
  font-weight: 700;
}

.emotion-82 {
  display: -webkit-box;
  display: -webkit-flex;
  display: -ms-flexbox;
  display: flex;
  -webkit-flex-direction: column;
  -ms-flex-direction: column;
  flex-direction: column;
  width: 25%;
}

.emotion-83 {
  margin: 0;
  font-weight: 500;
  line-height: 24px;
  letter-spacing: 0.15px;
  font-size: 16px;
  font-family: NotoSansThai-Medium,sans-serif;
  font-weight: 700;
  text-align: end;
}

.emotion-84 {
  margin: 0;
  font-weight: 400;
  line-height: 20px;
  letter-spacing: 0.25px;
  font-size: 14px;
  font-family: NotoSansThai-Regular,sans-serif;
  text-align: end;
}

.emotion-91 {
  margin: 0;
  -webkit-flex-shrink: 0;
  -ms-flex-negative: 0;
  flex-shrink: 0;
  border-width: 0;
  border-style: solid;
  border-color: rgba(0, 0, 0, 0.12);
  border-bottom-width: thin;
  -webkit-align-self: stretch;
  -ms-flex-item-align: stretch;
  align-self: stretch;
  height: auto;
}

<div
    class="MuiStack-root emotion-0"
  >
    <div
      class="MuiStack-root emotion-1"
    >
      <div
        class="MuiStack-root emotion-2"
      >
        <button
          class="MuiButtonBase-root MuiButton-root MuiButton-text MuiButton-textPrimary MuiButton-sizeMedium MuiButton-textSizeMedium MuiButton-root MuiButton-text MuiButton-textPrimary MuiButton-sizeMedium MuiButton-textSizeMedium emotion-3"
          data-testid="ai-interpret-button-back"
          tabindex="0"
          type="button"
        >
          <span
            class="MuiButton-startIcon MuiButton-iconSizeMedium emotion-4"
          >
            <svg />
          </span>
          Back to menu
          <span
            class="MuiTouchRipple-root emotion-5"
          />
        </button>
        <button
          class="MuiButtonBase-root MuiButton-root MuiButton-text MuiButton-textPrimary MuiButton-sizeMedium MuiButton-textSizeMedium MuiButton-root MuiButton-text MuiButton-textPrimary MuiButton-sizeMedium MuiButton-textSizeMedium emotion-3"
          data-testid="ai-interpret-button-edit"
          tabindex="0"
          type="button"
        >
          <span
            class="MuiButton-startIcon MuiButton-iconSizeMedium emotion-4"
          >
            <svg />
          </span>
          Edit
          <span
            class="MuiTouchRipple-root emotion-5"
          />
        </button>
      </div>
      <hr
        class="MuiDivider-root MuiDivider-fullWidth emotion-9"
      />
      <div
        class="MuiStack-root emotion-10"
      >
        <div
          class="MuiStack-root emotion-11"
        >
          <div
            class="MuiStack-root emotion-12"
          >
            <div
              class="MuiStack-root emotion-13"
            >
              <div
                class="MuiStack-root emotion-2"
              >
                <span
                  class="MuiTypography-root MuiTypography-labelMedium emotion-15"
                  data-testid="ai-interpret-example-rank"
                >
                  Example data 1
                </span>
                <div
                  class="MuiStack-root emotion-16"
                >
                  <span
                    class="MuiTypography-root MuiTypography-bodySmall emotion-17"
                  >
                    Model Version
                  </span>
                  <span
                    class="MuiTypography-root MuiTypography-labelMedium emotion-15"
                    data-testid="ai-interpret-version"
                  >
                    1.0.0
                  </span>
                </div>
              </div>
              <h3
                class="MuiTypography-root MuiTypography-titleLargeSemiBold emotion-19"
                data-testid="ai-interpret-example-name"
              >
                case name
              </h3>
              <div
                class="MuiStack-root emotion-20"
              >
                <div
                  class="MuiBox-root emotion-21"
                >
                  <span
                    class="MuiTypography-root MuiTypography-labelLargeSemiBold emotion-22"
                    data-testid="ai-interpret-gender-tag"
                  >
                    Male
                  </span>
                </div>
                <div
                  class="MuiBox-root emotion-21"
                >
                  <span
                    class="MuiTypography-root MuiTypography-labelLargeSemiBold emotion-22"
                    data-testid="ai-interpret-age-tag"
                  >
                    Age 29
                  </span>
                </div>
              </div>
            </div>
            <div
              class="MuiStack-root emotion-25"
            >
              <div
                class="emotion-26"
              />
              <div
                class="MuiStack-root emotion-27"
              >
                <svg />
                <span
                  class="MuiTypography-root MuiTypography-labelMedium emotion-28"
                  data-testid="ai-interpret-title"
                >
                  แปลและสรุปข้อมูลได้ดังนี้
                </span>
              </div>
            </div>
            <div
              class="MuiStack-root emotion-29"
            >
              <div
                class="MuiStack-root emotion-30"
              >
                <span
                  class="MuiTypography-root MuiTypography-labelExtraLargeSemiBold emotion-31"
                  data-testid="ai-interpret-title-0"
                >
                  1. title-ai-result
                </span>
                <div
                  class="emotion-32"
                  data-testid="ai-interpret-description-0"
                >
                  description-ai-result
                </div>
                <button
                  class="MuiButtonBase-root MuiButton-root MuiButton-text MuiButton-textPrimary MuiButton-sizeMedium MuiButton-textSizeMedium MuiButton-root MuiButton-text MuiButton-textPrimary MuiButton-sizeMedium MuiButton-textSizeMedium emotion-3"
                  data-testid="ai-interpret-button-copy-0"
                  tabindex="0"
                  type="button"
                >
                  <span
                    class="MuiButton-startIcon MuiButton-iconSizeMedium emotion-4"
                  >
                    <svg />
                  </span>
                  Copy
                  <span
                    class="MuiTouchRipple-root emotion-5"
                  />
                </button>
              </div>
            </div>
          </div>
        </div>
        <div
          class="MuiStack-root emotion-36"
        >
          <div
            class="MuiStack-root emotion-37"
          >
            <h3
              class="MuiTypography-root MuiTypography-titleMediumBold emotion-38"
            >
              General Check-up
            </h3>
          </div>
          <div
            class="MuiStack-root emotion-39"
          >
            <h3
              class="MuiTypography-root MuiTypography-titleMediumBold emotion-40"
              data-testid="ai-interpret-general-information-title-age"
            >
              Age
            </h3>
            <div
              class="MuiStack-root emotion-41"
            >
              <span
                class="MuiTypography-root MuiTypography-bodyMedium emotion-42"
                data-testid="ai-interpret-general-information-age-value"
              >
                40
              </span>
              <span
                class="MuiTypography-root MuiTypography-bodyMedium emotion-43"
                data-testid="ai-interpret-general-information-age-unit"
              >
                year
              </span>
            </div>
          </div>
          <div
            class="MuiStack-root emotion-39"
          >
            <h3
              class="MuiTypography-root MuiTypography-titleMediumBold emotion-40"
              data-testid="ai-interpret-general-information-title-gender"
            >
              Gender
            </h3>
            <div
              class="MuiStack-root emotion-41"
            >
              <span
                class="MuiTypography-root MuiTypography-bodyMedium emotion-42"
                data-testid="ai-interpret-general-information-gender-value"
              >
                Male
              </span>
              <span
                class="MuiTypography-root MuiTypography-bodyMedium emotion-43"
                data-testid="ai-interpret-general-information-gender-unit"
              />
            </div>
          </div>
          <div
            class="MuiStack-root emotion-39"
          >
            <h3
              class="MuiTypography-root MuiTypography-titleMediumBold emotion-40"
              data-testid="ai-interpret-general-information-title-body_weight"
            >
              Body Weight
            </h3>
            <div
              class="MuiStack-root emotion-41"
            >
              <span
                class="MuiTypography-root MuiTypography-bodyMedium emotion-42"
                data-testid="ai-interpret-general-information-body_weight-value"
              >
                40
              </span>
              <span
                class="MuiTypography-root MuiTypography-bodyMedium emotion-43"
                data-testid="ai-interpret-general-information-body_weight-unit"
              />
            </div>
          </div>
          <div
            class="MuiStack-root emotion-39"
          >
            <h3
              class="MuiTypography-root MuiTypography-titleMediumBold emotion-40"
              data-testid="ai-interpret-general-information-title-body_height"
            >
              Body Height
            </h3>
            <div
              class="MuiStack-root emotion-41"
            >
              <span
                class="MuiTypography-root MuiTypography-bodyMedium emotion-42"
                data-testid="ai-interpret-general-information-body_height-value"
              >
                150
              </span>
              <span
                class="MuiTypography-root MuiTypography-bodyMedium emotion-43"
                data-testid="ai-interpret-general-information-body_height-unit"
              />
            </div>
          </div>
          <div
            class="MuiStack-root emotion-39"
          >
            <h3
              class="MuiTypography-root MuiTypography-titleMediumBold emotion-40"
              data-testid="ai-interpret-general-information-title-temperature"
            >
              Temperature
            </h3>
            <div
              class="MuiStack-root emotion-41"
            >
              <span
                class="MuiTypography-root MuiTypography-bodyMedium emotion-42"
                data-testid="ai-interpret-general-information-temperature-value"
              >
                38.00
              </span>
              <span
                class="MuiTypography-root MuiTypography-bodyMedium emotion-43"
                data-testid="ai-interpret-general-information-temperature-unit"
              >
                °C
              </span>
            </div>
          </div>
        </div>
        <div
          class="MuiStack-root emotion-64"
        >
          <svg
            class="emotion-65"
          />
          <div
            class="MuiStack-root emotion-66"
          >
            <div
              class="MuiStack-root emotion-67"
            >
              <h3
                class="MuiTypography-root MuiTypography-titleMediumBold emotion-38"
                data-testid="ai-interpret-lab-title-hematologyCBC"
              >
                Hematology
              </h3>
            </div>
            <button
              class="MuiButtonBase-root MuiButton-root MuiButton-text MuiButton-textPrimary MuiButton-sizeMedium MuiButton-textSizeMedium MuiButton-root MuiButton-text MuiButton-textPrimary MuiButton-sizeMedium MuiButton-textSizeMedium emotion-69"
              data-testid="ai-interpret-lab-hematologyCBC-button-collapse"
              tabindex="0"
              type="button"
            >
              More
              <span
                class="MuiButton-endIcon MuiButton-iconSizeMedium emotion-70"
              >
                <svg />
              </span>
              <span
                class="MuiTouchRipple-root emotion-5"
              />
            </button>
          </div>
          <div
            class="MuiCollapse-root MuiCollapse-vertical MuiCollapse-hidden emotion-72"
            style="min-height: 0px;"
          >
            <div
              class="MuiCollapse-wrapper MuiCollapse-vertical emotion-73"
            >
              <div
                class="MuiCollapse-wrapperInner MuiCollapse-vertical emotion-74"
              >
                <div
                  class="MuiStack-root emotion-75"
                >
                  <div
                    class="MuiStack-root emotion-30"
                  >
                    <div
                      class="MuiStack-root emotion-30"
                      data-testid="ai-interpret-lab-title-sub-hematologyCBC-hemoglobin"
                    >
                      <h3
                        class="MuiTypography-root MuiTypography-titleMediumBold emotion-78"
                      >
                        Hemoglobin concentration
                      </h3>
                      <div
                        class="MuiStack-root emotion-2"
                      >
                        <div
                          class="MuiStack-root emotion-80"
                        >
                          <h3
                            class="MuiTypography-root MuiTypography-titleMedium emotion-81"
                            data-testid="ai-interpret-lab-hematologyCBC-hb_value-label"
                          >
                            Hb
                          </h3>
                        </div>
                        <div
                          class="MuiStack-root emotion-82"
                        >
                          <h3
                            class="MuiTypography-root MuiTypography-titleMedium emotion-83"
                            data-testid="ai-interpret-lab-hematologyCBC-hb_value-value"
                          >
                            13.80 (g/dL)
                          </h3>
                          <span
                            class="MuiTypography-root MuiTypography-bodyMedium emotion-84"
                            data-testid="ai-interpret-lab-hematologyCBC-hb_value-unit"
                          >
                            (- g/dL)
                          </span>
                        </div>
                      </div>
                      <div
                        class="MuiStack-root emotion-2"
                      >
                        <div
                          class="MuiStack-root emotion-80"
                        >
                          <h3
                            class="MuiTypography-root MuiTypography-titleMedium emotion-81"
                            data-testid="ai-interpret-lab-hematologyCBC-hct_value-label"
                          >
                            HCT
                          </h3>
                        </div>
                        <div
                          class="MuiStack-root emotion-82"
                        >
                          <h3
                            class="MuiTypography-root MuiTypography-titleMedium emotion-83"
                            data-testid="ai-interpret-lab-hematologyCBC-hct_value-value"
                          >
                            40.60 (%)
                          </h3>
                          <span
                            class="MuiTypography-root MuiTypography-bodyMedium emotion-84"
                            data-testid="ai-interpret-lab-hematologyCBC-hct_value-unit"
                          >
                            (- %)
                          </span>
                        </div>
                      </div>
                    </div>
                    <hr
                      class="MuiDivider-root MuiDivider-fullWidth MuiDivider-flexItem emotion-91"
                    />
                    <div
                      class="MuiStack-root emotion-30"
                      data-testid="ai-interpret-lab-title-sub-hematologyCBC-redBlood"
                    >
                      <h3
                        class="MuiTypography-root MuiTypography-titleMediumBold emotion-78"
                      >
                        Red Blood Cell Morphology
                      </h3>
                      <div
                        class="MuiStack-root emotion-2"
                      >
                        <div
                          class="MuiStack-root emotion-80"
                        >
                          <h3
                            class="MuiTypography-root MuiTypography-titleMedium emotion-81"
                            data-testid="ai-interpret-lab-hematologyCBC-mcv_value-label"
                          >
                            MCV
                          </h3>
                        </div>
                        <div
                          class="MuiStack-root emotion-82"
                        >
                          <h3
                            class="MuiTypography-root MuiTypography-titleMedium emotion-83"
                            data-testid="ai-interpret-lab-hematologyCBC-mcv_value-value"
                          >
                            82.70 (fl)
                          </h3>
                          <span
                            class="MuiTypography-root MuiTypography-bodyMedium emotion-84"
                            data-testid="ai-interpret-lab-hematologyCBC-mcv_value-unit"
                          >
                            (- fl)
                          </span>
                        </div>
                      </div>
                      <div
                        class="MuiStack-root emotion-2"
                      >
                        <div
                          class="MuiStack-root emotion-80"
                        >
                          <h3
                            class="MuiTypography-root MuiTypography-titleMedium emotion-81"
                            data-testid="ai-interpret-lab-hematologyCBC-mch_value-label"
                          >
                            MCH
                          </h3>
                        </div>
                        <div
                          class="MuiStack-root emotion-82"
                        >
                          <h3
                            class="MuiTypography-root MuiTypography-titleMedium emotion-83"
                            data-testid="ai-interpret-lab-hematologyCBC-mch_value-value"
                          >
                            28.10 (pg)
                          </h3>
                          <span
                            class="MuiTypography-root MuiTypography-bodyMedium emotion-84"
                            data-testid="ai-interpret-lab-hematologyCBC-mch_value-unit"
                          >
                            (- pg)
                          </span>
                        </div>
                      </div>
                      <div
                        class="MuiStack-root emotion-2"
                      >
                        <div
                          class="MuiStack-root emotion-80"
                        >
                          <h3
                            class="MuiTypography-root MuiTypography-titleMedium emotion-81"
                            data-testid="ai-interpret-lab-hematologyCBC-mchc_value-label"
                          >
                            MCHC
                          </h3>
                        </div>
                        <div
                          class="MuiStack-root emotion-82"
                        >
                          <h3
                            class="MuiTypography-root MuiTypography-titleMedium emotion-83"
                            data-testid="ai-interpret-lab-hematologyCBC-mchc_value-value"
                          >
                            34.00 (g/dL)
                          </h3>
                          <span
                            class="MuiTypography-root MuiTypography-bodyMedium emotion-84"
                            data-testid="ai-interpret-lab-hematologyCBC-mchc_value-unit"
                          >
                            (- g/dL)
                          </span>
                        </div>
                      </div>
                    </div>
                    <hr
                      class="MuiDivider-root MuiDivider-fullWidth MuiDivider-flexItem emotion-91"
                    />
                    <div
                      class="MuiStack-root emotion-30"
                      data-testid="ai-interpret-lab-title-sub-hematologyCBC-whiteBlood"
                    >
                      <h3
                        class="MuiTypography-root MuiTypography-titleMediumBold emotion-78"
                      >
                        White blood cell and differentiation
                      </h3>
                      <div
                        class="MuiStack-root emotion-2"
                      >
                        <div
                          class="MuiStack-root emotion-80"
                        >
                          <h3
                            class="MuiTypography-root MuiTypography-titleMedium emotion-81"
                            data-testid="ai-interpret-lab-hematologyCBC-wbc_value-label"
                          >
                            WBC
                          </h3>
                        </div>
                        <div
                          class="MuiStack-root emotion-82"
                        >
                          <h3
                            class="MuiTypography-root MuiTypography-titleMedium emotion-83"
                            data-testid="ai-interpret-lab-hematologyCBC-wbc_value-value"
                          >
                            5.08 (*10^3/mm^3)
                          </h3>
                          <span
                            class="MuiTypography-root MuiTypography-bodyMedium emotion-84"
                            data-testid="ai-interpret-lab-hematologyCBC-wbc_value-unit"
                          >
                            (- *10^3/mm^3)
                          </span>
                        </div>
                      </div>
                      <div
                        class="MuiStack-root emotion-2"
                      >
                        <div
                          class="MuiStack-root emotion-80"
                        >
                          <h3
                            class="MuiTypography-root MuiTypography-titleMedium emotion-81"
                            data-testid="ai-interpret-lab-hematologyCBC-neutrophil_value-label"
                          >
                            Neutrophil
                          </h3>
                        </div>
                        <div
                          class="MuiStack-root emotion-82"
                        >
                          <h3
                            class="MuiTypography-root MuiTypography-titleMedium emotion-83"
                            data-testid="ai-interpret-lab-hematologyCBC-neutrophil_value-value"
                          >
                            58.30 (%)
                          </h3>
                          <span
                            class="MuiTypography-root MuiTypography-bodyMedium emotion-84"
                            data-testid="ai-interpret-lab-hematologyCBC-neutrophil_value-unit"
                          >
                            (- %)
                          </span>
                        </div>
                      </div>
                      <div
                        class="MuiStack-root emotion-2"
                      >
                        <div
                          class="MuiStack-root emotion-80"
                        >
                          <h3
                            class="MuiTypography-root MuiTypography-titleMedium emotion-81"
                            data-testid="ai-interpret-lab-hematologyCBC-lymphocyte_value-label"
                          >
                            Lymphocyte
                          </h3>
                        </div>
                        <div
                          class="MuiStack-root emotion-82"
                        >
                          <h3
                            class="MuiTypography-root MuiTypography-titleMedium emotion-83"
                            data-testid="ai-interpret-lab-hematologyCBC-lymphocyte_value-value"
                          >
                            28.50 (%)
                          </h3>
                          <span
                            class="MuiTypography-root MuiTypography-bodyMedium emotion-84"
                            data-testid="ai-interpret-lab-hematologyCBC-lymphocyte_value-unit"
                          >
                            (- %)
                          </span>
                        </div>
                      </div>
                      <div
                        class="MuiStack-root emotion-2"
                      >
                        <div
                          class="MuiStack-root emotion-80"
                        >
                          <h3
                            class="MuiTypography-root MuiTypography-titleMedium emotion-81"
                            data-testid="ai-interpret-lab-hematologyCBC-monocyte_value-label"
                          >
                            Monocyte 
                          </h3>
                        </div>
                        <div
                          class="MuiStack-root emotion-82"
                        >
                          <h3
                            class="MuiTypography-root MuiTypography-titleMedium emotion-83"
                            data-testid="ai-interpret-lab-hematologyCBC-monocyte_value-value"
                          >
                            5.90 (%)
                          </h3>
                          <span
                            class="MuiTypography-root MuiTypography-bodyMedium emotion-84"
                            data-testid="ai-interpret-lab-hematologyCBC-monocyte_value-unit"
                          >
                            (- %)
                          </span>
                        </div>
                      </div>
                      <div
                        class="MuiStack-root emotion-2"
                      >
                        <div
                          class="MuiStack-root emotion-80"
                        >
                          <h3
                            class="MuiTypography-root MuiTypography-titleMedium emotion-81"
                            data-testid="ai-interpret-lab-hematologyCBC-eosinophil_value-label"
                          >
                            Eosinophil
                          </h3>
                        </div>
                        <div
                          class="MuiStack-root emotion-82"
                        >
                          <h3
                            class="MuiTypography-root MuiTypography-titleMedium emotion-83"
                            data-testid="ai-interpret-lab-hematologyCBC-eosinophil_value-value"
                          >
                            6.30 (%)
                          </h3>
                          <span
                            class="MuiTypography-root MuiTypography-bodyMedium emotion-84"
                            data-testid="ai-interpret-lab-hematologyCBC-eosinophil_value-unit"
                          >
                            (- %)
                          </span>
                        </div>
                      </div>
                      <div
                        class="MuiStack-root emotion-2"
                      >
                        <div
                          class="MuiStack-root emotion-80"
                        >
                          <h3
                            class="MuiTypography-root MuiTypography-titleMedium emotion-81"
                            data-testid="ai-interpret-lab-hematologyCBC-basophil_value-label"
                          >
                            Basophil
                          </h3>
                        </div>
                        <div
                          class="MuiStack-root emotion-82"
                        >
                          <h3
                            class="MuiTypography-root MuiTypography-titleMedium emotion-83"
                            data-testid="ai-interpret-lab-hematologyCBC-basophil_value-value"
                          >
                            1.00 (%)
                          </h3>
                          <span
                            class="MuiTypography-root MuiTypography-bodyMedium emotion-84"
                            data-testid="ai-interpret-lab-hematologyCBC-basophil_value-unit"
                          >
                            (- %)
                          </span>
                        </div>
                      </div>
                      <div
                        class="MuiStack-root emotion-2"
                      >
                        <div
                          class="MuiStack-root emotion-80"
                        >
                          <h3
                            class="MuiTypography-root MuiTypography-titleMedium emotion-81"
                            data-testid="ai-interpret-lab-hematologyCBC-platelet_count_value-label"
                          >
                            Platelet Count
                          </h3>
                        </div>
                        <div
                          class="MuiStack-root emotion-82"
                        >
                          <h3
                            class="MuiTypography-root MuiTypography-titleMedium emotion-83"
                            data-testid="ai-interpret-lab-hematologyCBC-platelet_count_value-value"
                          >
                            243 (*10^3/mm^3)
                          </h3>
                          <span
                            class="MuiTypography-root MuiTypography-bodyMedium emotion-84"
                            data-testid="ai-interpret-lab-hematologyCBC-platelet_count_value-unit"
                          >
                            (- *10^3/mm^3)
                          </span>
                        </div>
                      </div>
                    </div>
                  </div>
                </div>
              </div>
            </div>
          </div>
        </div>
        <div
          class="MuiStack-root emotion-64"
        >
          <svg
            class="emotion-65"
          />
          <div
            class="MuiStack-root emotion-66"
          >
            <div
              class="MuiStack-root emotion-67"
            >
              <h3
                class="MuiTypography-root MuiTypography-titleMediumBold emotion-38"
                data-testid="ai-interpret-lab-title-lipidProfile"
              >
                Lipid Profile
              </h3>
            </div>
            <button
              class="MuiButtonBase-root MuiButton-root MuiButton-text MuiButton-textPrimary MuiButton-sizeMedium MuiButton-textSizeMedium MuiButton-root MuiButton-text MuiButton-textPrimary MuiButton-sizeMedium MuiButton-textSizeMedium emotion-69"
              data-testid="ai-interpret-lab-lipidProfile-button-collapse"
              tabindex="0"
              type="button"
            >
              More
              <span
                class="MuiButton-endIcon MuiButton-iconSizeMedium emotion-70"
              >
                <svg />
              </span>
              <span
                class="MuiTouchRipple-root emotion-5"
              />
            </button>
          </div>
          <div
            class="MuiCollapse-root MuiCollapse-vertical MuiCollapse-hidden emotion-72"
            style="min-height: 0px;"
          >
            <div
              class="MuiCollapse-wrapper MuiCollapse-vertical emotion-73"
            >
              <div
                class="MuiCollapse-wrapperInner MuiCollapse-vertical emotion-74"
              >
                <div
                  class="MuiStack-root emotion-75"
                >
                  <div
                    class="MuiStack-root emotion-2"
                  >
                    <div
                      class="MuiStack-root emotion-80"
                    >
                      <h3
                        class="MuiTypography-root MuiTypography-titleMedium emotion-81"
                        data-testid="ai-interpret-lab-lipidProfile-cholesterol_value-label"
                      >
                        Cholesterol
                      </h3>
                    </div>
                    <div
                      class="MuiStack-root emotion-82"
                    >
                      <h3
                        class="MuiTypography-root MuiTypography-titleMedium emotion-83"
                        data-testid="ai-interpret-lab-lipidProfile-cholesterol_value-value"
                      >
                        208 (mg/dL)
                      </h3>
                      <span
                        class="MuiTypography-root MuiTypography-bodyMedium emotion-84"
                        data-testid="ai-interpret-lab-lipidProfile-cholesterol_value-unit"
                      >
                        (- mg/dL)
                      </span>
                    </div>
                  </div>
                  <div
                    class="MuiStack-root emotion-2"
                  >
                    <div
                      class="MuiStack-root emotion-80"
                    >
                      <h3
                        class="MuiTypography-root MuiTypography-titleMedium emotion-81"
                        data-testid="ai-interpret-lab-lipidProfile-triglyceride_value-label"
                      >
                        Triglyceride
                      </h3>
                    </div>
                    <div
                      class="MuiStack-root emotion-82"
                    >
                      <h3
                        class="MuiTypography-root MuiTypography-titleMedium emotion-83"
                        data-testid="ai-interpret-lab-lipidProfile-triglyceride_value-value"
                      >
                        72 (mg/dL)
                      </h3>
                      <span
                        class="MuiTypography-root MuiTypography-bodyMedium emotion-84"
                        data-testid="ai-interpret-lab-lipidProfile-triglyceride_value-unit"
                      >
                        (- mg/dL)
                      </span>
                    </div>
                  </div>
                  <div
                    class="MuiStack-root emotion-2"
                  >
                    <div
                      class="MuiStack-root emotion-80"
                    >
                      <h3
                        class="MuiTypography-root MuiTypography-titleMedium emotion-81"
                        data-testid="ai-interpret-lab-lipidProfile-hdl_value-label"
                      >
                        HDL
                      </h3>
                    </div>
                    <div
                      class="MuiStack-root emotion-82"
                    >
                      <h3
                        class="MuiTypography-root MuiTypography-titleMedium emotion-83"
                        data-testid="ai-interpret-lab-lipidProfile-hdl_value-value"
                      >
                        45.00 (mg/dL)
                      </h3>
                      <span
                        class="MuiTypography-root MuiTypography-bodyMedium emotion-84"
                        data-testid="ai-interpret-lab-lipidProfile-hdl_value-unit"
                      >
                        (- mg/dL)
                      </span>
                    </div>
                  </div>
                  <div
                    class="MuiStack-root emotion-2"
                  >
                    <div
                      class="MuiStack-root emotion-80"
                    >
                      <h3
                        class="MuiTypography-root MuiTypography-titleMedium emotion-81"
                        data-testid="ai-interpret-lab-lipidProfile-ldl_value-label"
                      >
                        LDL
                      </h3>
                    </div>
                    <div
                      class="MuiStack-root emotion-82"
                    >
                      <h3
                        class="MuiTypography-root MuiTypography-titleMedium emotion-83"
                        data-testid="ai-interpret-lab-lipidProfile-ldl_value-value"
                      >
                        155 (mg/dL)
                      </h3>
                      <span
                        class="MuiTypography-root MuiTypography-bodyMedium emotion-84"
                        data-testid="ai-interpret-lab-lipidProfile-ldl_value-unit"
                      >
                        (- mg/dL)
                      </span>
                    </div>
                  </div>
                </div>
              </div>
            </div>
          </div>
        </div>
        <div
          class="MuiStack-root emotion-64"
        >
          <svg
            class="emotion-65"
          />
          <div
            class="MuiStack-root emotion-66"
          >
            <div
              class="MuiStack-root emotion-67"
            >
              <h3
                class="MuiTypography-root MuiTypography-titleMediumBold emotion-38"
                data-testid="ai-interpret-lab-title-bloodChemistry"
              >
                Blood Chemistry
              </h3>
            </div>
            <button
              class="MuiButtonBase-root MuiButton-root MuiButton-text MuiButton-textPrimary MuiButton-sizeMedium MuiButton-textSizeMedium MuiButton-root MuiButton-text MuiButton-textPrimary MuiButton-sizeMedium MuiButton-textSizeMedium emotion-69"
              data-testid="ai-interpret-lab-bloodChemistry-button-collapse"
              tabindex="0"
              type="button"
            >
              More
              <span
                class="MuiButton-endIcon MuiButton-iconSizeMedium emotion-70"
              >
                <svg />
              </span>
              <span
                class="MuiTouchRipple-root emotion-5"
              />
            </button>
          </div>
          <div
            class="MuiCollapse-root MuiCollapse-vertical MuiCollapse-hidden emotion-72"
            style="min-height: 0px;"
          >
            <div
              class="MuiCollapse-wrapper MuiCollapse-vertical emotion-73"
            >
              <div
                class="MuiCollapse-wrapperInner MuiCollapse-vertical emotion-74"
              >
                <div
                  class="MuiStack-root emotion-75"
                >
                  <div
                    class="MuiStack-root emotion-2"
                  >
                    <div
                      class="MuiStack-root emotion-80"
                    >
                      <h3
                        class="MuiTypography-root MuiTypography-titleMedium emotion-81"
                        data-testid="ai-interpret-lab-bloodChemistry-uric_acid_value-label"
                      >
                        Uric Acid Test
                      </h3>
                    </div>
                    <div
                      class="MuiStack-root emotion-82"
                    >
                      <h3
                        class="MuiTypography-root MuiTypography-titleMedium emotion-83"
                        data-testid="ai-interpret-lab-bloodChemistry-uric_acid_value-value"
                      >
                        6.80 (mg/dL)
                      </h3>
                      <span
                        class="MuiTypography-root MuiTypography-bodyMedium emotion-84"
                        data-testid="ai-interpret-lab-bloodChemistry-uric_acid_value-unit"
                      >
                        (- mg/dL)
                      </span>
                    </div>
                  </div>
                  <div
                    class="MuiStack-root emotion-2"
                  >
                    <div
                      class="MuiStack-root emotion-80"
                    >
                      <h3
                        class="MuiTypography-root MuiTypography-titleMedium emotion-81"
                        data-testid="ai-interpret-lab-bloodChemistry-fbs_value-label"
                      >
                        Fasting Blood Sugar
                      </h3>
                    </div>
                    <div
                      class="MuiStack-root emotion-82"
                    >
                      <h3
                        class="MuiTypography-root MuiTypography-titleMedium emotion-83"
                        data-testid="ai-interpret-lab-bloodChemistry-fbs_value-value"
                      >
                        93 (mg/dL)
                      </h3>
                      <span
                        class="MuiTypography-root MuiTypography-bodyMedium emotion-84"
                        data-testid="ai-interpret-lab-bloodChemistry-fbs_value-unit"
                      >
                        (- mg/dL)
                      </span>
                    </div>
                  </div>
                </div>
              </div>
            </div>
          </div>
        </div>
        <div
          class="MuiStack-root emotion-64"
        >
          <svg
            class="emotion-65"
          />
          <div
            class="MuiStack-root emotion-66"
          >
            <div
              class="MuiStack-root emotion-67"
            >
              <h3
                class="MuiTypography-root MuiTypography-titleMediumBold emotion-38"
                data-testid="ai-interpret-lab-title-renalFunctionTest"
              >
                Renal Function Test
              </h3>
            </div>
            <button
              class="MuiButtonBase-root MuiButton-root MuiButton-text MuiButton-textPrimary MuiButton-sizeMedium MuiButton-textSizeMedium MuiButton-root MuiButton-text MuiButton-textPrimary MuiButton-sizeMedium MuiButton-textSizeMedium emotion-69"
              data-testid="ai-interpret-lab-renalFunctionTest-button-collapse"
              tabindex="0"
              type="button"
            >
              More
              <span
                class="MuiButton-endIcon MuiButton-iconSizeMedium emotion-70"
              >
                <svg />
              </span>
              <span
                class="MuiTouchRipple-root emotion-5"
              />
            </button>
          </div>
          <div
            class="MuiCollapse-root MuiCollapse-vertical MuiCollapse-hidden emotion-72"
            style="min-height: 0px;"
          >
            <div
              class="MuiCollapse-wrapper MuiCollapse-vertical emotion-73"
            >
              <div
                class="MuiCollapse-wrapperInner MuiCollapse-vertical emotion-74"
              >
                <div
                  class="MuiStack-root emotion-75"
                >
                  <div
                    class="MuiStack-root emotion-2"
                  >
                    <div
                      class="MuiStack-root emotion-80"
                    >
                      <h3
                        class="MuiTypography-root MuiTypography-titleMedium emotion-81"
                        data-testid="ai-interpret-lab-renalFunctionTest-creatinine_value-label"
                      >
                        Creatinine
                      </h3>
                    </div>
                    <div
                      class="MuiStack-root emotion-82"
                    >
                      <h3
                        class="MuiTypography-root MuiTypography-titleMedium emotion-83"
                        data-testid="ai-interpret-lab-renalFunctionTest-creatinine_value-value"
                      >
                        0.89 (mg/dL)
                      </h3>
                      <span
                        class="MuiTypography-root MuiTypography-bodyMedium emotion-84"
                        data-testid="ai-interpret-lab-renalFunctionTest-creatinine_value-unit"
                      >
                        (- mg/dL)
                      </span>
                    </div>
                  </div>
                  <div
                    class="MuiStack-root emotion-2"
                  >
                    <div
                      class="MuiStack-root emotion-80"
                    >
                      <h3
                        class="MuiTypography-root MuiTypography-titleMedium emotion-81"
                        data-testid="ai-interpret-lab-renalFunctionTest-bun_value-label"
                      >
                        BUN
                      </h3>
                    </div>
                    <div
                      class="MuiStack-root emotion-82"
                    >
                      <h3
                        class="MuiTypography-root MuiTypography-titleMedium emotion-83"
                        data-testid="ai-interpret-lab-renalFunctionTest-bun_value-value"
                      >
                        10.70 (mg/dL)
                      </h3>
                      <span
                        class="MuiTypography-root MuiTypography-bodyMedium emotion-84"
                        data-testid="ai-interpret-lab-renalFunctionTest-bun_value-unit"
                      >
                        (- mg/dL)
                      </span>
                    </div>
                  </div>
                </div>
              </div>
            </div>
          </div>
        </div>
        <div
          class="MuiStack-root emotion-64"
        >
          <svg
            class="emotion-65"
          />
          <div
            class="MuiStack-root emotion-66"
          >
            <div
              class="MuiStack-root emotion-67"
            >
              <h3
                class="MuiTypography-root MuiTypography-titleMediumBold emotion-38"
                data-testid="ai-interpret-lab-title-liverFunctionTest"
              >
                Liver Function Test
              </h3>
            </div>
            <button
              class="MuiButtonBase-root MuiButton-root MuiButton-text MuiButton-textPrimary MuiButton-sizeMedium MuiButton-textSizeMedium MuiButton-root MuiButton-text MuiButton-textPrimary MuiButton-sizeMedium MuiButton-textSizeMedium emotion-69"
              data-testid="ai-interpret-lab-liverFunctionTest-button-collapse"
              tabindex="0"
              type="button"
            >
              More
              <span
                class="MuiButton-endIcon MuiButton-iconSizeMedium emotion-70"
              >
                <svg />
              </span>
              <span
                class="MuiTouchRipple-root emotion-5"
              />
            </button>
          </div>
          <div
            class="MuiCollapse-root MuiCollapse-vertical MuiCollapse-hidden emotion-72"
            style="min-height: 0px;"
          >
            <div
              class="MuiCollapse-wrapper MuiCollapse-vertical emotion-73"
            >
              <div
                class="MuiCollapse-wrapperInner MuiCollapse-vertical emotion-74"
              >
                <div
                  class="MuiStack-root emotion-75"
                >
                  <div
                    class="MuiStack-root emotion-2"
                  >
                    <div
                      class="MuiStack-root emotion-80"
                    >
                      <h3
                        class="MuiTypography-root MuiTypography-titleMedium emotion-81"
                        data-testid="ai-interpret-lab-liverFunctionTest-sgot_value-label"
                      >
                        SGOT
                      </h3>
                    </div>
                    <div
                      class="MuiStack-root emotion-82"
                    >
                      <h3
                        class="MuiTypography-root MuiTypography-titleMedium emotion-83"
                        data-testid="ai-interpret-lab-liverFunctionTest-sgot_value-value"
                      >
                        18 (U/L)
                      </h3>
                      <span
                        class="MuiTypography-root MuiTypography-bodyMedium emotion-84"
                        data-testid="ai-interpret-lab-liverFunctionTest-sgot_value-unit"
                      >
                        (- U/L)
                      </span>
                    </div>
                  </div>
                  <div
                    class="MuiStack-root emotion-2"
                  >
                    <div
                      class="MuiStack-root emotion-80"
                    >
                      <h3
                        class="MuiTypography-root MuiTypography-titleMedium emotion-81"
                        data-testid="ai-interpret-lab-liverFunctionTest-sgpt_value-label"
                      >
                        SGPT
                      </h3>
                    </div>
                    <div
                      class="MuiStack-root emotion-82"
                    >
                      <h3
                        class="MuiTypography-root MuiTypography-titleMedium emotion-83"
                        data-testid="ai-interpret-lab-liverFunctionTest-sgpt_value-value"
                      >
                        17 (U/L)
                      </h3>
                      <span
                        class="MuiTypography-root MuiTypography-bodyMedium emotion-84"
                        data-testid="ai-interpret-lab-liverFunctionTest-sgpt_value-unit"
                      >
                        (- U/L)
                      </span>
                    </div>
                  </div>
                  <div
                    class="MuiStack-root emotion-2"
                  >
                    <div
                      class="MuiStack-root emotion-80"
                    >
                      <h3
                        class="MuiTypography-root MuiTypography-titleMedium emotion-81"
                        data-testid="ai-interpret-lab-liverFunctionTest-alp_value-label"
                      >
                        ALK Phosphatase
                      </h3>
                    </div>
                    <div
                      class="MuiStack-root emotion-82"
                    >
                      <h3
                        class="MuiTypography-root MuiTypography-titleMedium emotion-83"
                        data-testid="ai-interpret-lab-liverFunctionTest-alp_value-value"
                      >
                        71 (U/L)
                      </h3>
                      <span
                        class="MuiTypography-root MuiTypography-bodyMedium emotion-84"
                        data-testid="ai-interpret-lab-liverFunctionTest-alp_value-unit"
                      >
                        (- U/L)
                      </span>
                    </div>
                  </div>
                </div>
              </div>
            </div>
          </div>
        </div>
        <div
          class="MuiStack-root emotion-64"
        >
          <svg
            class="emotion-65"
          />
          <div
            class="MuiStack-root emotion-66"
          >
            <div
              class="MuiStack-root emotion-67"
            >
              <h3
                class="MuiTypography-root MuiTypography-titleMediumBold emotion-38"
                data-testid="ai-interpret-lab-title-urineAnalysis"
              >
                Urine Analysis
              </h3>
            </div>
            <button
              class="MuiButtonBase-root MuiButton-root MuiButton-text MuiButton-textPrimary MuiButton-sizeMedium MuiButton-textSizeMedium MuiButton-root MuiButton-text MuiButton-textPrimary MuiButton-sizeMedium MuiButton-textSizeMedium emotion-69"
              data-testid="ai-interpret-lab-urineAnalysis-button-collapse"
              tabindex="0"
              type="button"
            >
              More
              <span
                class="MuiButton-endIcon MuiButton-iconSizeMedium emotion-70"
              >
                <svg />
              </span>
              <span
                class="MuiTouchRipple-root emotion-5"
              />
            </button>
          </div>
          <div
            class="MuiCollapse-root MuiCollapse-vertical MuiCollapse-hidden emotion-72"
            style="min-height: 0px;"
          >
            <div
              class="MuiCollapse-wrapper MuiCollapse-vertical emotion-73"
            >
              <div
                class="MuiCollapse-wrapperInner MuiCollapse-vertical emotion-74"
              >
                <div
                  class="MuiStack-root emotion-75"
                >
                  <div
                    class="MuiStack-root emotion-2"
                  >
                    <div
                      class="MuiStack-root emotion-80"
                    >
                      <h3
                        class="MuiTypography-root MuiTypography-titleMedium emotion-81"
                        data-testid="ai-interpret-lab-urineAnalysis-urine_color_value-label"
                      >
                        Color
                      </h3>
                    </div>
                    <div
                      class="MuiStack-root emotion-82"
                    >
                      <h3
                        class="MuiTypography-root MuiTypography-titleMedium emotion-83"
                        data-testid="ai-interpret-lab-urineAnalysis-urine_color_value-value"
                      >
                        Yellow
                      </h3>
                      <span
                        class="MuiTypography-root MuiTypography-bodyMedium emotion-84"
                        data-testid="ai-interpret-lab-urineAnalysis-urine_color_value-unit"
                      />
                    </div>
                  </div>
                  <div
                    class="MuiStack-root emotion-2"
                  >
                    <div
                      class="MuiStack-root emotion-80"
                    >
                      <h3
                        class="MuiTypography-root MuiTypography-titleMedium emotion-81"
                        data-testid="ai-interpret-lab-urineAnalysis-urine_sp_gr_value-label"
                      >
                        SpGr
                      </h3>
                    </div>
                    <div
                      class="MuiStack-root emotion-82"
                    >
                      <h3
                        class="MuiTypography-root MuiTypography-titleMedium emotion-83"
                        data-testid="ai-interpret-lab-urineAnalysis-urine_sp_gr_value-value"
                      >
                        1.006
                      </h3>
                      <span
                        class="MuiTypography-root MuiTypography-bodyMedium emotion-84"
                        data-testid="ai-interpret-lab-urineAnalysis-urine_sp_gr_value-unit"
                      />
                    </div>
                  </div>
                  <div
                    class="MuiStack-root emotion-2"
                  >
                    <div
                      class="MuiStack-root emotion-80"
                    >
                      <h3
                        class="MuiTypography-root MuiTypography-titleMedium emotion-81"
                        data-testid="ai-interpret-lab-urineAnalysis-urine_ph_value-label"
                      >
                        pH
                      </h3>
                    </div>
                    <div
                      class="MuiStack-root emotion-82"
                    >
                      <h3
                        class="MuiTypography-root MuiTypography-titleMedium emotion-83"
                        data-testid="ai-interpret-lab-urineAnalysis-urine_ph_value-value"
                      >
                        6.50
                      </h3>
                      <span
                        class="MuiTypography-root MuiTypography-bodyMedium emotion-84"
                        data-testid="ai-interpret-lab-urineAnalysis-urine_ph_value-unit"
                      />
                    </div>
                  </div>
                  <div
                    class="MuiStack-root emotion-2"
                  >
                    <div
                      class="MuiStack-root emotion-80"
                    >
                      <h3
                        class="MuiTypography-root MuiTypography-titleMedium emotion-81"
                        data-testid="ai-interpret-lab-urineAnalysis-urine_wbc_value-label"
                      >
                        WBC
                      </h3>
                    </div>
                    <div
                      class="MuiStack-root emotion-82"
                    >
                      <h3
                        class="MuiTypography-root MuiTypography-titleMedium emotion-83"
                        data-testid="ai-interpret-lab-urineAnalysis-urine_wbc_value-value"
                      >
                        0-5
                      </h3>
                      <span
                        class="MuiTypography-root MuiTypography-bodyMedium emotion-84"
                        data-testid="ai-interpret-lab-urineAnalysis-urine_wbc_value-unit"
                      />
                    </div>
                  </div>
                  <div
                    class="MuiStack-root emotion-2"
                  >
                    <div
                      class="MuiStack-root emotion-80"
                    >
                      <h3
                        class="MuiTypography-root MuiTypography-titleMedium emotion-81"
                        data-testid="ai-interpret-lab-urineAnalysis-urine_protein_value-label"
                      >
                        Protein
                      </h3>
                    </div>
                    <div
                      class="MuiStack-root emotion-82"
                    >
                      <h3
                        class="MuiTypography-root MuiTypography-titleMedium emotion-83"
                        data-testid="ai-interpret-lab-urineAnalysis-urine_protein_value-value"
                      >
                        Negative
                      </h3>
                      <span
                        class="MuiTypography-root MuiTypography-bodyMedium emotion-84"
                        data-testid="ai-interpret-lab-urineAnalysis-urine_protein_value-unit"
                      />
                    </div>
                  </div>
                  <div
                    class="MuiStack-root emotion-2"
                  >
                    <div
                      class="MuiStack-root emotion-80"
                    >
                      <h3
                        class="MuiTypography-root MuiTypography-titleMedium emotion-81"
                        data-testid="ai-interpret-lab-urineAnalysis-urine_glucose_value-label"
                      >
                        Glucose
                      </h3>
                    </div>
                    <div
                      class="MuiStack-root emotion-82"
                    >
                      <h3
                        class="MuiTypography-root MuiTypography-titleMedium emotion-83"
                        data-testid="ai-interpret-lab-urineAnalysis-urine_glucose_value-value"
                      >
                        Negative
                      </h3>
                      <span
                        class="MuiTypography-root MuiTypography-bodyMedium emotion-84"
                        data-testid="ai-interpret-lab-urineAnalysis-urine_glucose_value-unit"
                      />
                    </div>
                  </div>
                  <div
                    class="MuiStack-root emotion-2"
                  >
                    <div
                      class="MuiStack-root emotion-80"
                    >
                      <h3
                        class="MuiTypography-root MuiTypography-titleMedium emotion-81"
                        data-testid="ai-interpret-lab-urineAnalysis-urine_erythrocyte_value-label"
                      >
                        Erythrocyte
                      </h3>
                    </div>
                    <div
                      class="MuiStack-root emotion-82"
                    >
                      <h3
                        class="MuiTypography-root MuiTypography-titleMedium emotion-83"
                        data-testid="ai-interpret-lab-urineAnalysis-urine_erythrocyte_value-value"
                      >
                        Negative
                      </h3>
                      <span
                        class="MuiTypography-root MuiTypography-bodyMedium emotion-84"
                        data-testid="ai-interpret-lab-urineAnalysis-urine_erythrocyte_value-unit"
                      />
                    </div>
                  </div>
                  <div
                    class="MuiStack-root emotion-2"
                  >
                    <div
                      class="MuiStack-root emotion-80"
                    >
                      <h3
                        class="MuiTypography-root MuiTypography-titleMedium emotion-81"
                        data-testid="ai-interpret-lab-urineAnalysis-urine_rbc_value-label"
                      >
                        RBC
                      </h3>
                    </div>
                    <div
                      class="MuiStack-root emotion-82"
                    >
                      <h3
                        class="MuiTypography-root MuiTypography-titleMedium emotion-83"
                        data-testid="ai-interpret-lab-urineAnalysis-urine_rbc_value-value"
                      >
                        0-5
                      </h3>
                      <span
                        class="MuiTypography-root MuiTypography-bodyMedium emotion-84"
                        data-testid="ai-interpret-lab-urineAnalysis-urine_rbc_value-unit"
                      />
                    </div>
                  </div>
                </div>
              </div>
            </div>
          </div>
        </div>
        <div
          class="MuiStack-root emotion-64"
        >
          <svg
            class="emotion-65"
          />
          <div
            class="MuiStack-root emotion-66"
          >
            <div
              class="MuiStack-root emotion-67"
            >
              <h3
                class="MuiTypography-root MuiTypography-titleMediumBold emotion-38"
                data-testid="ai-interpret-lab-title-papSmear"
              >
                Pap Smear
              </h3>
            </div>
            <button
              class="MuiButtonBase-root MuiButton-root MuiButton-text MuiButton-textPrimary MuiButton-sizeMedium MuiButton-textSizeMedium MuiButton-root MuiButton-text MuiButton-textPrimary MuiButton-sizeMedium MuiButton-textSizeMedium emotion-69"
              data-testid="ai-interpret-lab-papSmear-button-collapse"
              tabindex="0"
              type="button"
            >
              More
              <span
                class="MuiButton-endIcon MuiButton-iconSizeMedium emotion-70"
              >
                <svg />
              </span>
              <span
                class="MuiTouchRipple-root emotion-5"
              />
            </button>
          </div>
          <div
            class="MuiCollapse-root MuiCollapse-vertical MuiCollapse-hidden emotion-72"
            style="min-height: 0px;"
          >
            <div
              class="MuiCollapse-wrapper MuiCollapse-vertical emotion-73"
            >
              <div
                class="MuiCollapse-wrapperInner MuiCollapse-vertical emotion-74"
              >
                <div
                  class="MuiStack-root emotion-75"
                >
                  <div
                    class="MuiStack-root emotion-2"
                  >
                    <div
                      class="MuiStack-root emotion-80"
                    >
                      <h3
                        class="MuiTypography-root MuiTypography-titleMedium emotion-81"
                        data-testid="ai-interpret-lab-papSmear-papsmear_finding-label"
                      >
                        Liquid Based Pap Test
                      </h3>
                    </div>
                    <div
                      class="MuiStack-root emotion-82"
                    >
                      <h3
                        class="MuiTypography-root MuiTypography-titleMedium emotion-83"
                        data-testid="ai-interpret-lab-papSmear-papsmear_finding-value"
                      >
                        Normal
                      </h3>
                      <span
                        class="MuiTypography-root MuiTypography-bodyMedium emotion-84"
                        data-testid="ai-interpret-lab-papSmear-papsmear_finding-unit"
                      />
                    </div>
                  </div>
                </div>
              </div>
            </div>
          </div>
        </div>
      </div>
    </div>
  </div>
</DocumentFragment>
`;
