// Jest Snapshot v1, https://goo.gl/fbAQLP

exports[`ProjectCoverLayout to match snap 1`] = `
<DocumentFragment>
  .emotion-0 {
  display: -webkit-box;
  display: -webkit-flex;
  display: -ms-flexbox;
  display: flex;
  -webkit-flex-direction: row;
  -ms-flex-direction: row;
  flex-direction: row;
  width: 100vw;
  height: 100vh;
}

.emotion-1 {
  display: -webkit-box;
  display: -webkit-flex;
  display: -ms-flexbox;
  display: flex;
  -webkit-flex-direction: column;
  -ms-flex-direction: column;
  flex-direction: column;
  position: relative;
  -webkit-flex: 1;
  -ms-flex: 1;
  flex: 1;
}

.emotion-2 {
  display: -webkit-box;
  display: -webkit-flex;
  display: -ms-flexbox;
  display: flex;
  -webkit-flex-direction: column;
  -ms-flex-direction: column;
  flex-direction: column;
  -webkit-flex: 1;
  -ms-flex: 1;
  flex: 1;
  background-color: #fff;
}

<div
    class="MuiStack-root emotion-0"
  >
    <div
      class="MuiStack-root emotion-1"
    >
      <img
        alt=""
        src="/img.jpg"
        style="position: absolute; z-index: -1; width: 100%; height: 100%; object-fit: cover;"
      />
      <svg
        style="margin: 40vh auto 0px;"
      />
      <svg
        style="margin: auto auto 3rem;"
      />
    </div>
    <div
      class="MuiStack-root emotion-2"
    >
      <div>
        Child Component
      </div>
    </div>
  </div>
</DocumentFragment>
`;
