// Jest Snapshot v1, https://goo.gl/fbAQLP

exports[`UnauthorizedLayout should render correctly 1`] = `
<DocumentFragment>
  .emotion-0 {
  display: -webkit-box;
  display: -webkit-flex;
  display: -ms-flexbox;
  display: flex;
  -webkit-flex-direction: row;
  -ms-flex-direction: row;
  flex-direction: row;
  width: 100vw;
  height: 100vh;
}

.emotion-1 {
  display: -webkit-box;
  display: -webkit-flex;
  display: -ms-flexbox;
  display: flex;
  -webkit-flex-direction: column;
  -ms-flex-direction: column;
  flex-direction: column;
  position: relative;
  -webkit-flex: 1;
  -ms-flex: 1;
  flex: 1;
}

.emotion-2 {
  position: relative;
  margin: 40vh auto 0;
}

.emotion-3 {
  position: relative;
  margin: auto auto 3rem;
}

.emotion-4 {
  display: -webkit-box;
  display: -webkit-flex;
  display: -ms-flexbox;
  display: flex;
  -webkit-flex-direction: column;
  -ms-flex-direction: column;
  flex-direction: column;
  -webkit-flex: 1;
  -ms-flex: 1;
  flex: 1;
  background-color: #fff;
}

<div
    class="MuiStack-root emotion-0"
  >
    <div
      class="MuiStack-root emotion-1"
    >
      <img
        alt="login-background"
        src="/img.jpg"
      />
      <svg
        class="emotion-2"
      />
      <svg
        class="emotion-3"
      />
    </div>
    <div
      class="MuiStack-root emotion-4"
    >
      <div
        data-testid="children"
      />
    </div>
  </div>
</DocumentFragment>
`;
